Archive member included to satisfy reference by file (symbol)

c:/st/stm32cubeide_1.4.0/stm32cubeide/plugins/com.st.stm32cube.ide.mcu.externaltools.gnu-tools-for-stm32.7-2018-q2-update.win32_1.4.0.202007081208/tools/bin/../lib/gcc/arm-none-eabi/7.3.1/../../../../arm-none-eabi/lib/thumb/v7-m\libc_nano.a(lib_a-errno.o)
                              Src/syscalls.o (__errno)
c:/st/stm32cubeide_1.4.0/stm32cubeide/plugins/com.st.stm32cube.ide.mcu.externaltools.gnu-tools-for-stm32.7-2018-q2-update.win32_1.4.0.202007081208/tools/bin/../lib/gcc/arm-none-eabi/7.3.1/../../../../arm-none-eabi/lib/thumb/v7-m\libc_nano.a(lib_a-exit.o)
                              c:/st/stm32cubeide_1.4.0/stm32cubeide/plugins/com.st.stm32cube.ide.mcu.externaltools.gnu-tools-for-stm32.7-2018-q2-update.win32_1.4.0.202007081208/tools/bin/../lib/gcc/arm-none-eabi/7.3.1/../../../../arm-none-eabi/lib/thumb/v7-m/crt0.o (exit)
c:/st/stm32cubeide_1.4.0/stm32cubeide/plugins/com.st.stm32cube.ide.mcu.externaltools.gnu-tools-for-stm32.7-2018-q2-update.win32_1.4.0.202007081208/tools/bin/../lib/gcc/arm-none-eabi/7.3.1/../../../../arm-none-eabi/lib/thumb/v7-m\libc_nano.a(lib_a-impure.o)
                              c:/st/stm32cubeide_1.4.0/stm32cubeide/plugins/com.st.stm32cube.ide.mcu.externaltools.gnu-tools-for-stm32.7-2018-q2-update.win32_1.4.0.202007081208/tools/bin/../lib/gcc/arm-none-eabi/7.3.1/../../../../arm-none-eabi/lib/thumb/v7-m\libc_nano.a(lib_a-exit.o) (_global_impure_ptr)
c:/st/stm32cubeide_1.4.0/stm32cubeide/plugins/com.st.stm32cube.ide.mcu.externaltools.gnu-tools-for-stm32.7-2018-q2-update.win32_1.4.0.202007081208/tools/bin/../lib/gcc/arm-none-eabi/7.3.1/../../../../arm-none-eabi/lib/thumb/v7-m\libc_nano.a(lib_a-init.o)
                              c:/st/stm32cubeide_1.4.0/stm32cubeide/plugins/com.st.stm32cube.ide.mcu.externaltools.gnu-tools-for-stm32.7-2018-q2-update.win32_1.4.0.202007081208/tools/bin/../lib/gcc/arm-none-eabi/7.3.1/../../../../arm-none-eabi/lib/thumb/v7-m/crt0.o (__libc_init_array)
c:/st/stm32cubeide_1.4.0/stm32cubeide/plugins/com.st.stm32cube.ide.mcu.externaltools.gnu-tools-for-stm32.7-2018-q2-update.win32_1.4.0.202007081208/tools/bin/../lib/gcc/arm-none-eabi/7.3.1/../../../../arm-none-eabi/lib/thumb/v7-m\libc_nano.a(lib_a-memset.o)
                              c:/st/stm32cubeide_1.4.0/stm32cubeide/plugins/com.st.stm32cube.ide.mcu.externaltools.gnu-tools-for-stm32.7-2018-q2-update.win32_1.4.0.202007081208/tools/bin/../lib/gcc/arm-none-eabi/7.3.1/../../../../arm-none-eabi/lib/thumb/v7-m/crt0.o (memset)

Allocating common symbols
Common symbol       size              file

PinCfg              0x4               HAL/Keypad/keypad.o
IRQ_flag            0x4               Src/main.o
GP_IRQ_CallBack     0x3c              STM32F103C6_Drivers/EXTI/STM32F103C6_EXTI_driver.o

Discarded input sections

 .text          0x0000000000000000        0x0 c:/st/stm32cubeide_1.4.0/stm32cubeide/plugins/com.st.stm32cube.ide.mcu.externaltools.gnu-tools-for-stm32.7-2018-q2-update.win32_1.4.0.202007081208/tools/bin/../lib/gcc/arm-none-eabi/7.3.1/thumb/v7-m/crti.o
 .data          0x0000000000000000        0x0 c:/st/stm32cubeide_1.4.0/stm32cubeide/plugins/com.st.stm32cube.ide.mcu.externaltools.gnu-tools-for-stm32.7-2018-q2-update.win32_1.4.0.202007081208/tools/bin/../lib/gcc/arm-none-eabi/7.3.1/thumb/v7-m/crti.o
 .bss           0x0000000000000000        0x0 c:/st/stm32cubeide_1.4.0/stm32cubeide/plugins/com.st.stm32cube.ide.mcu.externaltools.gnu-tools-for-stm32.7-2018-q2-update.win32_1.4.0.202007081208/tools/bin/../lib/gcc/arm-none-eabi/7.3.1/thumb/v7-m/crti.o
 .data          0x0000000000000000        0x4 c:/st/stm32cubeide_1.4.0/stm32cubeide/plugins/com.st.stm32cube.ide.mcu.externaltools.gnu-tools-for-stm32.7-2018-q2-update.win32_1.4.0.202007081208/tools/bin/../lib/gcc/arm-none-eabi/7.3.1/thumb/v7-m/crtbegin.o
 .text          0x0000000000000000       0x74 c:/st/stm32cubeide_1.4.0/stm32cubeide/plugins/com.st.stm32cube.ide.mcu.externaltools.gnu-tools-for-stm32.7-2018-q2-update.win32_1.4.0.202007081208/tools/bin/../lib/gcc/arm-none-eabi/7.3.1/../../../../arm-none-eabi/lib/thumb/v7-m/crt0.o
 .data          0x0000000000000000        0x0 c:/st/stm32cubeide_1.4.0/stm32cubeide/plugins/com.st.stm32cube.ide.mcu.externaltools.gnu-tools-for-stm32.7-2018-q2-update.win32_1.4.0.202007081208/tools/bin/../lib/gcc/arm-none-eabi/7.3.1/../../../../arm-none-eabi/lib/thumb/v7-m/crt0.o
 .bss           0x0000000000000000        0x0 c:/st/stm32cubeide_1.4.0/stm32cubeide/plugins/com.st.stm32cube.ide.mcu.externaltools.gnu-tools-for-stm32.7-2018-q2-update.win32_1.4.0.202007081208/tools/bin/../lib/gcc/arm-none-eabi/7.3.1/../../../../arm-none-eabi/lib/thumb/v7-m/crt0.o
 .ARM.extab     0x0000000000000000        0x0 c:/st/stm32cubeide_1.4.0/stm32cubeide/plugins/com.st.stm32cube.ide.mcu.externaltools.gnu-tools-for-stm32.7-2018-q2-update.win32_1.4.0.202007081208/tools/bin/../lib/gcc/arm-none-eabi/7.3.1/../../../../arm-none-eabi/lib/thumb/v7-m/crt0.o
 .ARM.exidx     0x0000000000000000        0x8 c:/st/stm32cubeide_1.4.0/stm32cubeide/plugins/com.st.stm32cube.ide.mcu.externaltools.gnu-tools-for-stm32.7-2018-q2-update.win32_1.4.0.202007081208/tools/bin/../lib/gcc/arm-none-eabi/7.3.1/../../../../arm-none-eabi/lib/thumb/v7-m/crt0.o
 .ARM.attributes
                0x0000000000000000       0x1b c:/st/stm32cubeide_1.4.0/stm32cubeide/plugins/com.st.stm32cube.ide.mcu.externaltools.gnu-tools-for-stm32.7-2018-q2-update.win32_1.4.0.202007081208/tools/bin/../lib/gcc/arm-none-eabi/7.3.1/../../../../arm-none-eabi/lib/thumb/v7-m/crt0.o
 .group         0x0000000000000000        0xc HAL/Keypad/keypad.o
 .group         0x0000000000000000        0xc HAL/Keypad/keypad.o
 .group         0x0000000000000000        0xc HAL/Keypad/keypad.o
 .group         0x0000000000000000        0xc HAL/Keypad/keypad.o
 .group         0x0000000000000000        0xc HAL/Keypad/keypad.o
 .group         0x0000000000000000        0xc HAL/Keypad/keypad.o
 .group         0x0000000000000000        0xc HAL/Keypad/keypad.o
 .group         0x0000000000000000        0xc HAL/Keypad/keypad.o
 .group         0x0000000000000000        0xc HAL/Keypad/keypad.o
 .group         0x0000000000000000        0xc HAL/Keypad/keypad.o
 .group         0x0000000000000000        0xc HAL/Keypad/keypad.o
 .group         0x0000000000000000        0xc HAL/Keypad/keypad.o
 .group         0x0000000000000000        0xc HAL/Keypad/keypad.o
 .group         0x0000000000000000        0xc HAL/Keypad/keypad.o
 .group         0x0000000000000000        0xc HAL/Keypad/keypad.o
 .group         0x0000000000000000        0xc HAL/Keypad/keypad.o
 .group         0x0000000000000000        0xc HAL/Keypad/keypad.o
 .group         0x0000000000000000        0xc HAL/Keypad/keypad.o
 .group         0x0000000000000000        0xc HAL/Keypad/keypad.o
 .group         0x0000000000000000        0xc HAL/Keypad/keypad.o
 .group         0x0000000000000000        0xc HAL/Keypad/keypad.o
 .group         0x0000000000000000        0xc HAL/Keypad/keypad.o
 .group         0x0000000000000000        0xc HAL/Keypad/keypad.o
 .group         0x0000000000000000        0xc HAL/Keypad/keypad.o
 .group         0x0000000000000000        0xc HAL/Keypad/keypad.o
 .text          0x0000000000000000        0x0 HAL/Keypad/keypad.o
 .data          0x0000000000000000        0x0 HAL/Keypad/keypad.o
 .bss           0x0000000000000000        0x0 HAL/Keypad/keypad.o
 .data.Key_padRow
                0x0000000000000000       0x10 HAL/Keypad/keypad.o
 .data.Key_padCol
                0x0000000000000000       0x10 HAL/Keypad/keypad.o
 .text.Keypad_Init
                0x0000000000000000       0xec HAL/Keypad/keypad.o
 .text.Keypad_getkey
                0x0000000000000000      0x194 HAL/Keypad/keypad.o
 .group         0x0000000000000000        0xc HAL/LCD/LCD.o
 .group         0x0000000000000000        0xc HAL/LCD/LCD.o
 .group         0x0000000000000000        0xc HAL/LCD/LCD.o
 .group         0x0000000000000000        0xc HAL/LCD/LCD.o
 .group         0x0000000000000000        0xc HAL/LCD/LCD.o
 .group         0x0000000000000000        0xc HAL/LCD/LCD.o
 .group         0x0000000000000000        0xc HAL/LCD/LCD.o
 .group         0x0000000000000000        0xc HAL/LCD/LCD.o
 .group         0x0000000000000000        0xc HAL/LCD/LCD.o
 .group         0x0000000000000000        0xc HAL/LCD/LCD.o
 .group         0x0000000000000000        0xc HAL/LCD/LCD.o
 .group         0x0000000000000000        0xc HAL/LCD/LCD.o
 .group         0x0000000000000000        0xc HAL/LCD/LCD.o
 .group         0x0000000000000000        0xc HAL/LCD/LCD.o
 .group         0x0000000000000000        0xc HAL/LCD/LCD.o
 .group         0x0000000000000000        0xc HAL/LCD/LCD.o
 .group         0x0000000000000000        0xc HAL/LCD/LCD.o
 .group         0x0000000000000000        0xc HAL/LCD/LCD.o
 .group         0x0000000000000000        0xc HAL/LCD/LCD.o
 .group         0x0000000000000000        0xc HAL/LCD/LCD.o
 .group         0x0000000000000000        0xc HAL/LCD/LCD.o
 .group         0x0000000000000000        0xc HAL/LCD/LCD.o
 .group         0x0000000000000000        0xc HAL/LCD/LCD.o
 .group         0x0000000000000000        0xc HAL/LCD/LCD.o
 .group         0x0000000000000000        0xc HAL/LCD/LCD.o
 .text          0x0000000000000000        0x0 HAL/LCD/LCD.o
 .data          0x0000000000000000        0x0 HAL/LCD/LCD.o
 .bss           0x0000000000000000        0x0 HAL/LCD/LCD.o
 .text.LCD_check_lcd_isbusy
                0x0000000000000000       0xd8 HAL/LCD/LCD.o
 .debug_macro   0x0000000000000000      0xa60 HAL/LCD/LCD.o
 .debug_macro   0x0000000000000000       0x18 HAL/LCD/LCD.o
 .debug_macro   0x0000000000000000       0x22 HAL/LCD/LCD.o
 .debug_macro   0x0000000000000000       0x40 HAL/LCD/LCD.o
 .debug_macro   0x0000000000000000       0x94 HAL/LCD/LCD.o
 .debug_macro   0x0000000000000000       0x3c HAL/LCD/LCD.o
 .debug_macro   0x0000000000000000       0x34 HAL/LCD/LCD.o
 .debug_macro   0x0000000000000000       0x16 HAL/LCD/LCD.o
 .debug_macro   0x0000000000000000      0x10e HAL/LCD/LCD.o
 .debug_macro   0x0000000000000000       0x8d HAL/LCD/LCD.o
 .debug_macro   0x0000000000000000       0x57 HAL/LCD/LCD.o
 .debug_macro   0x0000000000000000       0x52 HAL/LCD/LCD.o
 .debug_macro   0x0000000000000000       0x1f HAL/LCD/LCD.o
 .debug_macro   0x0000000000000000       0x43 HAL/LCD/LCD.o
 .debug_macro   0x0000000000000000       0x20 HAL/LCD/LCD.o
 .debug_macro   0x0000000000000000      0x1a3 HAL/LCD/LCD.o
 .debug_macro   0x0000000000000000      0x330 HAL/LCD/LCD.o
 .debug_macro   0x0000000000000000       0x16 HAL/LCD/LCD.o
 .debug_macro   0x0000000000000000       0x29 HAL/LCD/LCD.o
 .debug_macro   0x0000000000000000       0xef HAL/LCD/LCD.o
 .debug_macro   0x0000000000000000       0x6a HAL/LCD/LCD.o
 .debug_macro   0x0000000000000000      0x1df HAL/LCD/LCD.o
 .debug_macro   0x0000000000000000      0x19c HAL/LCD/LCD.o
 .debug_macro   0x0000000000000000       0xd0 HAL/LCD/LCD.o
 .group         0x0000000000000000        0xc STM32F103C6_Drivers/EXTI/STM32F103C6_EXTI_driver.o
 .group         0x0000000000000000        0xc STM32F103C6_Drivers/EXTI/STM32F103C6_EXTI_driver.o
 .group         0x0000000000000000        0xc STM32F103C6_Drivers/EXTI/STM32F103C6_EXTI_driver.o
 .group         0x0000000000000000        0xc STM32F103C6_Drivers/EXTI/STM32F103C6_EXTI_driver.o
 .group         0x0000000000000000        0xc STM32F103C6_Drivers/EXTI/STM32F103C6_EXTI_driver.o
 .group         0x0000000000000000        0xc STM32F103C6_Drivers/EXTI/STM32F103C6_EXTI_driver.o
 .group         0x0000000000000000        0xc STM32F103C6_Drivers/EXTI/STM32F103C6_EXTI_driver.o
 .group         0x0000000000000000        0xc STM32F103C6_Drivers/EXTI/STM32F103C6_EXTI_driver.o
 .group         0x0000000000000000        0xc STM32F103C6_Drivers/EXTI/STM32F103C6_EXTI_driver.o
 .group         0x0000000000000000        0xc STM32F103C6_Drivers/EXTI/STM32F103C6_EXTI_driver.o
 .group         0x0000000000000000        0xc STM32F103C6_Drivers/EXTI/STM32F103C6_EXTI_driver.o
 .group         0x0000000000000000        0xc STM32F103C6_Drivers/EXTI/STM32F103C6_EXTI_driver.o
 .group         0x0000000000000000        0xc STM32F103C6_Drivers/EXTI/STM32F103C6_EXTI_driver.o
 .group         0x0000000000000000        0xc STM32F103C6_Drivers/EXTI/STM32F103C6_EXTI_driver.o
 .group         0x0000000000000000        0xc STM32F103C6_Drivers/EXTI/STM32F103C6_EXTI_driver.o
 .group         0x0000000000000000        0xc STM32F103C6_Drivers/EXTI/STM32F103C6_EXTI_driver.o
 .group         0x0000000000000000        0xc STM32F103C6_Drivers/EXTI/STM32F103C6_EXTI_driver.o
 .group         0x0000000000000000        0xc STM32F103C6_Drivers/EXTI/STM32F103C6_EXTI_driver.o
 .group         0x0000000000000000        0xc STM32F103C6_Drivers/EXTI/STM32F103C6_EXTI_driver.o
 .group         0x0000000000000000        0xc STM32F103C6_Drivers/EXTI/STM32F103C6_EXTI_driver.o
 .group         0x0000000000000000        0xc STM32F103C6_Drivers/EXTI/STM32F103C6_EXTI_driver.o
 .group         0x0000000000000000        0xc STM32F103C6_Drivers/EXTI/STM32F103C6_EXTI_driver.o
 .group         0x0000000000000000        0xc STM32F103C6_Drivers/EXTI/STM32F103C6_EXTI_driver.o
 .group         0x0000000000000000        0xc STM32F103C6_Drivers/EXTI/STM32F103C6_EXTI_driver.o
 .group         0x0000000000000000        0xc STM32F103C6_Drivers/EXTI/STM32F103C6_EXTI_driver.o
 .text          0x0000000000000000        0x0 STM32F103C6_Drivers/EXTI/STM32F103C6_EXTI_driver.o
 .data          0x0000000000000000        0x0 STM32F103C6_Drivers/EXTI/STM32F103C6_EXTI_driver.o
 .bss           0x0000000000000000        0x0 STM32F103C6_Drivers/EXTI/STM32F103C6_EXTI_driver.o
 .text.MCAL_EXTI_DeInit
                0x0000000000000000       0x94 STM32F103C6_Drivers/EXTI/STM32F103C6_EXTI_driver.o
 .text.MCAL_EXTI_Update
                0x0000000000000000       0x16 STM32F103C6_Drivers/EXTI/STM32F103C6_EXTI_driver.o
 .debug_macro   0x0000000000000000      0xa60 STM32F103C6_Drivers/EXTI/STM32F103C6_EXTI_driver.o
 .debug_macro   0x0000000000000000       0x18 STM32F103C6_Drivers/EXTI/STM32F103C6_EXTI_driver.o
 .debug_macro   0x0000000000000000       0x22 STM32F103C6_Drivers/EXTI/STM32F103C6_EXTI_driver.o
 .debug_macro   0x0000000000000000       0x40 STM32F103C6_Drivers/EXTI/STM32F103C6_EXTI_driver.o
 .debug_macro   0x0000000000000000       0x94 STM32F103C6_Drivers/EXTI/STM32F103C6_EXTI_driver.o
 .debug_macro   0x0000000000000000       0x3c STM32F103C6_Drivers/EXTI/STM32F103C6_EXTI_driver.o
 .debug_macro   0x0000000000000000       0x34 STM32F103C6_Drivers/EXTI/STM32F103C6_EXTI_driver.o
 .debug_macro   0x0000000000000000       0x16 STM32F103C6_Drivers/EXTI/STM32F103C6_EXTI_driver.o
 .debug_macro   0x0000000000000000      0x10e STM32F103C6_Drivers/EXTI/STM32F103C6_EXTI_driver.o
 .debug_macro   0x0000000000000000       0x8d STM32F103C6_Drivers/EXTI/STM32F103C6_EXTI_driver.o
 .debug_macro   0x0000000000000000       0x57 STM32F103C6_Drivers/EXTI/STM32F103C6_EXTI_driver.o
 .debug_macro   0x0000000000000000       0x52 STM32F103C6_Drivers/EXTI/STM32F103C6_EXTI_driver.o
 .debug_macro   0x0000000000000000       0x1f STM32F103C6_Drivers/EXTI/STM32F103C6_EXTI_driver.o
 .debug_macro   0x0000000000000000       0x43 STM32F103C6_Drivers/EXTI/STM32F103C6_EXTI_driver.o
 .debug_macro   0x0000000000000000       0x20 STM32F103C6_Drivers/EXTI/STM32F103C6_EXTI_driver.o
 .debug_macro   0x0000000000000000      0x1a3 STM32F103C6_Drivers/EXTI/STM32F103C6_EXTI_driver.o
 .debug_macro   0x0000000000000000      0x330 STM32F103C6_Drivers/EXTI/STM32F103C6_EXTI_driver.o
 .debug_macro   0x0000000000000000       0x16 STM32F103C6_Drivers/EXTI/STM32F103C6_EXTI_driver.o
 .debug_macro   0x0000000000000000       0x29 STM32F103C6_Drivers/EXTI/STM32F103C6_EXTI_driver.o
 .debug_macro   0x0000000000000000       0xef STM32F103C6_Drivers/EXTI/STM32F103C6_EXTI_driver.o
 .debug_macro   0x0000000000000000       0x6a STM32F103C6_Drivers/EXTI/STM32F103C6_EXTI_driver.o
 .debug_macro   0x0000000000000000      0x1df STM32F103C6_Drivers/EXTI/STM32F103C6_EXTI_driver.o
 .debug_macro   0x0000000000000000      0x19c STM32F103C6_Drivers/EXTI/STM32F103C6_EXTI_driver.o
 .group         0x0000000000000000        0xc STM32F103C6_Drivers/GPIO/STM32F103C6_GPIO_driver.o
 .group         0x0000000000000000        0xc STM32F103C6_Drivers/GPIO/STM32F103C6_GPIO_driver.o
 .group         0x0000000000000000        0xc STM32F103C6_Drivers/GPIO/STM32F103C6_GPIO_driver.o
 .group         0x0000000000000000        0xc STM32F103C6_Drivers/GPIO/STM32F103C6_GPIO_driver.o
 .group         0x0000000000000000        0xc STM32F103C6_Drivers/GPIO/STM32F103C6_GPIO_driver.o
 .group         0x0000000000000000        0xc STM32F103C6_Drivers/GPIO/STM32F103C6_GPIO_driver.o
 .group         0x0000000000000000        0xc STM32F103C6_Drivers/GPIO/STM32F103C6_GPIO_driver.o
 .group         0x0000000000000000        0xc STM32F103C6_Drivers/GPIO/STM32F103C6_GPIO_driver.o
 .group         0x0000000000000000        0xc STM32F103C6_Drivers/GPIO/STM32F103C6_GPIO_driver.o
 .group         0x0000000000000000        0xc STM32F103C6_Drivers/GPIO/STM32F103C6_GPIO_driver.o
 .group         0x0000000000000000        0xc STM32F103C6_Drivers/GPIO/STM32F103C6_GPIO_driver.o
 .group         0x0000000000000000        0xc STM32F103C6_Drivers/GPIO/STM32F103C6_GPIO_driver.o
 .group         0x0000000000000000        0xc STM32F103C6_Drivers/GPIO/STM32F103C6_GPIO_driver.o
 .group         0x0000000000000000        0xc STM32F103C6_Drivers/GPIO/STM32F103C6_GPIO_driver.o
 .group         0x0000000000000000        0xc STM32F103C6_Drivers/GPIO/STM32F103C6_GPIO_driver.o
 .group         0x0000000000000000        0xc STM32F103C6_Drivers/GPIO/STM32F103C6_GPIO_driver.o
 .group         0x0000000000000000        0xc STM32F103C6_Drivers/GPIO/STM32F103C6_GPIO_driver.o
 .group         0x0000000000000000        0xc STM32F103C6_Drivers/GPIO/STM32F103C6_GPIO_driver.o
 .group         0x0000000000000000        0xc STM32F103C6_Drivers/GPIO/STM32F103C6_GPIO_driver.o
 .group         0x0000000000000000        0xc STM32F103C6_Drivers/GPIO/STM32F103C6_GPIO_driver.o
 .group         0x0000000000000000        0xc STM32F103C6_Drivers/GPIO/STM32F103C6_GPIO_driver.o
 .group         0x0000000000000000        0xc STM32F103C6_Drivers/GPIO/STM32F103C6_GPIO_driver.o
 .group         0x0000000000000000        0xc STM32F103C6_Drivers/GPIO/STM32F103C6_GPIO_driver.o
 .group         0x0000000000000000        0xc STM32F103C6_Drivers/GPIO/STM32F103C6_GPIO_driver.o
 .text          0x0000000000000000        0x0 STM32F103C6_Drivers/GPIO/STM32F103C6_GPIO_driver.o
 .data          0x0000000000000000        0x0 STM32F103C6_Drivers/GPIO/STM32F103C6_GPIO_driver.o
 .bss           0x0000000000000000        0x0 STM32F103C6_Drivers/GPIO/STM32F103C6_GPIO_driver.o
 .text.MCAL_GPIO_DeInit
                0x0000000000000000       0xac STM32F103C6_Drivers/GPIO/STM32F103C6_GPIO_driver.o
 .text.MCAL_GPIO_ReadPin
                0x0000000000000000       0x2e STM32F103C6_Drivers/GPIO/STM32F103C6_GPIO_driver.o
 .text.MCAL_GPIO_ReadPort
                0x0000000000000000       0x1a STM32F103C6_Drivers/GPIO/STM32F103C6_GPIO_driver.o
 .text.MCAL_GPIO_TogglePin
                0x0000000000000000       0x22 STM32F103C6_Drivers/GPIO/STM32F103C6_GPIO_driver.o
 .text.MCAL_GPIO_LockPin
                0x0000000000000000       0x4e STM32F103C6_Drivers/GPIO/STM32F103C6_GPIO_driver.o
 .debug_macro   0x0000000000000000      0xa60 STM32F103C6_Drivers/GPIO/STM32F103C6_GPIO_driver.o
 .debug_macro   0x0000000000000000       0x18 STM32F103C6_Drivers/GPIO/STM32F103C6_GPIO_driver.o
 .debug_macro   0x0000000000000000       0x22 STM32F103C6_Drivers/GPIO/STM32F103C6_GPIO_driver.o
 .debug_macro   0x0000000000000000       0x40 STM32F103C6_Drivers/GPIO/STM32F103C6_GPIO_driver.o
 .debug_macro   0x0000000000000000       0x94 STM32F103C6_Drivers/GPIO/STM32F103C6_GPIO_driver.o
 .debug_macro   0x0000000000000000       0x3c STM32F103C6_Drivers/GPIO/STM32F103C6_GPIO_driver.o
 .debug_macro   0x0000000000000000       0x34 STM32F103C6_Drivers/GPIO/STM32F103C6_GPIO_driver.o
 .debug_macro   0x0000000000000000       0x16 STM32F103C6_Drivers/GPIO/STM32F103C6_GPIO_driver.o
 .debug_macro   0x0000000000000000      0x10e STM32F103C6_Drivers/GPIO/STM32F103C6_GPIO_driver.o
 .debug_macro   0x0000000000000000       0x8d STM32F103C6_Drivers/GPIO/STM32F103C6_GPIO_driver.o
 .debug_macro   0x0000000000000000       0x57 STM32F103C6_Drivers/GPIO/STM32F103C6_GPIO_driver.o
 .debug_macro   0x0000000000000000       0x52 STM32F103C6_Drivers/GPIO/STM32F103C6_GPIO_driver.o
 .debug_macro   0x0000000000000000       0x1f STM32F103C6_Drivers/GPIO/STM32F103C6_GPIO_driver.o
 .debug_macro   0x0000000000000000       0x43 STM32F103C6_Drivers/GPIO/STM32F103C6_GPIO_driver.o
 .debug_macro   0x0000000000000000       0x20 STM32F103C6_Drivers/GPIO/STM32F103C6_GPIO_driver.o
 .debug_macro   0x0000000000000000      0x1a3 STM32F103C6_Drivers/GPIO/STM32F103C6_GPIO_driver.o
 .debug_macro   0x0000000000000000      0x330 STM32F103C6_Drivers/GPIO/STM32F103C6_GPIO_driver.o
 .debug_macro   0x0000000000000000       0x16 STM32F103C6_Drivers/GPIO/STM32F103C6_GPIO_driver.o
 .debug_macro   0x0000000000000000       0x29 STM32F103C6_Drivers/GPIO/STM32F103C6_GPIO_driver.o
 .debug_macro   0x0000000000000000       0xef STM32F103C6_Drivers/GPIO/STM32F103C6_GPIO_driver.o
 .debug_macro   0x0000000000000000       0x6a STM32F103C6_Drivers/GPIO/STM32F103C6_GPIO_driver.o
 .debug_macro   0x0000000000000000      0x1df STM32F103C6_Drivers/GPIO/STM32F103C6_GPIO_driver.o
 .debug_macro   0x0000000000000000      0x19c STM32F103C6_Drivers/GPIO/STM32F103C6_GPIO_driver.o
 .debug_macro   0x0000000000000000       0xd0 STM32F103C6_Drivers/GPIO/STM32F103C6_GPIO_driver.o
 .group         0x0000000000000000        0xc Src/main.o
 .group         0x0000000000000000        0xc Src/main.o
 .group         0x0000000000000000        0xc Src/main.o
 .group         0x0000000000000000        0xc Src/main.o
 .group         0x0000000000000000        0xc Src/main.o
 .group         0x0000000000000000        0xc Src/main.o
 .group         0x0000000000000000        0xc Src/main.o
 .group         0x0000000000000000        0xc Src/main.o
 .group         0x0000000000000000        0xc Src/main.o
 .group         0x0000000000000000        0xc Src/main.o
 .group         0x0000000000000000        0xc Src/main.o
 .group         0x0000000000000000        0xc Src/main.o
 .group         0x0000000000000000        0xc Src/main.o
 .group         0x0000000000000000        0xc Src/main.o
 .group         0x0000000000000000        0xc Src/main.o
 .group         0x0000000000000000        0xc Src/main.o
 .group         0x0000000000000000        0xc Src/main.o
 .group         0x0000000000000000        0xc Src/main.o
 .group         0x0000000000000000        0xc Src/main.o
 .group         0x0000000000000000        0xc Src/main.o
 .group         0x0000000000000000        0xc Src/main.o
 .group         0x0000000000000000        0xc Src/main.o
 .group         0x0000000000000000        0xc Src/main.o
 .group         0x0000000000000000        0xc Src/main.o
 .group         0x0000000000000000        0xc Src/main.o
 .group         0x0000000000000000        0xc Src/main.o
 .group         0x0000000000000000        0xc Src/main.o
 .text          0x0000000000000000        0x0 Src/main.o
 .data          0x0000000000000000        0x0 Src/main.o
 .bss           0x0000000000000000        0x0 Src/main.o
 .debug_macro   0x0000000000000000      0xa60 Src/main.o
 .debug_macro   0x0000000000000000       0x18 Src/main.o
 .debug_macro   0x0000000000000000       0x22 Src/main.o
 .debug_macro   0x0000000000000000       0x40 Src/main.o
 .debug_macro   0x0000000000000000       0x94 Src/main.o
 .debug_macro   0x0000000000000000       0x3c Src/main.o
 .debug_macro   0x0000000000000000       0x34 Src/main.o
 .debug_macro   0x0000000000000000       0x16 Src/main.o
 .debug_macro   0x0000000000000000      0x10e Src/main.o
 .debug_macro   0x0000000000000000       0x8d Src/main.o
 .debug_macro   0x0000000000000000       0x57 Src/main.o
 .debug_macro   0x0000000000000000       0x52 Src/main.o
 .debug_macro   0x0000000000000000       0x1f Src/main.o
 .debug_macro   0x0000000000000000       0x43 Src/main.o
 .debug_macro   0x0000000000000000       0x20 Src/main.o
 .debug_macro   0x0000000000000000      0x1a3 Src/main.o
 .debug_macro   0x0000000000000000      0x330 Src/main.o
 .debug_macro   0x0000000000000000       0x16 Src/main.o
 .debug_macro   0x0000000000000000       0x29 Src/main.o
 .debug_macro   0x0000000000000000       0xef Src/main.o
 .debug_macro   0x0000000000000000       0x6a Src/main.o
 .debug_macro   0x0000000000000000      0x1df Src/main.o
 .debug_macro   0x0000000000000000      0x19c Src/main.o
 .debug_macro   0x0000000000000000       0xd0 Src/main.o
 .debug_macro   0x0000000000000000      0x223 Src/main.o
 .group         0x0000000000000000        0xc Src/syscalls.o
 .group         0x0000000000000000        0xc Src/syscalls.o
 .group         0x0000000000000000        0xc Src/syscalls.o
 .group         0x0000000000000000        0xc Src/syscalls.o
 .group         0x0000000000000000        0xc Src/syscalls.o
 .group         0x0000000000000000        0xc Src/syscalls.o
 .group         0x0000000000000000        0xc Src/syscalls.o
 .group         0x0000000000000000        0xc Src/syscalls.o
 .group         0x0000000000000000        0xc Src/syscalls.o
 .group         0x0000000000000000        0xc Src/syscalls.o
 .group         0x0000000000000000        0xc Src/syscalls.o
 .group         0x0000000000000000        0xc Src/syscalls.o
 .group         0x0000000000000000        0xc Src/syscalls.o
 .group         0x0000000000000000        0xc Src/syscalls.o
 .group         0x0000000000000000        0xc Src/syscalls.o
 .group         0x0000000000000000        0xc Src/syscalls.o
 .group         0x0000000000000000        0xc Src/syscalls.o
 .group         0x0000000000000000        0xc Src/syscalls.o
 .group         0x0000000000000000        0xc Src/syscalls.o
 .group         0x0000000000000000        0xc Src/syscalls.o
 .group         0x0000000000000000        0xc Src/syscalls.o
 .group         0x0000000000000000        0xc Src/syscalls.o
 .group         0x0000000000000000        0xc Src/syscalls.o
 .group         0x0000000000000000        0xc Src/syscalls.o
 .group         0x0000000000000000        0xc Src/syscalls.o
 .group         0x0000000000000000        0xc Src/syscalls.o
 .group         0x0000000000000000        0xc Src/syscalls.o
 .group         0x0000000000000000        0xc Src/syscalls.o
 .group         0x0000000000000000        0xc Src/syscalls.o
 .group         0x0000000000000000        0xc Src/syscalls.o
 .group         0x0000000000000000        0xc Src/syscalls.o
 .group         0x0000000000000000        0xc Src/syscalls.o
 .group         0x0000000000000000        0xc Src/syscalls.o
 .group         0x0000000000000000        0xc Src/syscalls.o
 .group         0x0000000000000000        0xc Src/syscalls.o
 .group         0x0000000000000000        0xc Src/syscalls.o
 .group         0x0000000000000000        0xc Src/syscalls.o
 .group         0x0000000000000000        0xc Src/syscalls.o
 .group         0x0000000000000000        0xc Src/syscalls.o
 .group         0x0000000000000000        0xc Src/syscalls.o
 .group         0x0000000000000000        0xc Src/syscalls.o
 .group         0x0000000000000000        0xc Src/syscalls.o
 .group         0x0000000000000000        0xc Src/syscalls.o
 .group         0x0000000000000000        0xc Src/syscalls.o
 .text          0x0000000000000000        0x0 Src/syscalls.o
 .data          0x0000000000000000        0x0 Src/syscalls.o
 .bss           0x0000000000000000        0x0 Src/syscalls.o
 .bss.__env     0x0000000000000000        0x4 Src/syscalls.o
 .data.environ  0x0000000000000000        0x4 Src/syscalls.o
 .text.initialise_monitor_handles
                0x0000000000000000        0xc Src/syscalls.o
 .text._getpid  0x0000000000000000        0xe Src/syscalls.o
 .text._kill    0x0000000000000000       0x20 Src/syscalls.o
 .text._exit    0x0000000000000000       0x14 Src/syscalls.o
 .text._read    0x0000000000000000       0x3a Src/syscalls.o
 .text._write   0x0000000000000000       0x38 Src/syscalls.o
 .text._close   0x0000000000000000       0x16 Src/syscalls.o
 .text._fstat   0x0000000000000000       0x1e Src/syscalls.o
 .text._isatty  0x0000000000000000       0x14 Src/syscalls.o
 .text._lseek   0x0000000000000000       0x18 Src/syscalls.o
 .text._open    0x0000000000000000       0x1a Src/syscalls.o
 .text._wait    0x0000000000000000       0x1e Src/syscalls.o
 .text._unlink  0x0000000000000000       0x1e Src/syscalls.o
 .text._times   0x0000000000000000       0x16 Src/syscalls.o
 .text._stat    0x0000000000000000       0x1e Src/syscalls.o
 .text._link    0x0000000000000000       0x20 Src/syscalls.o
 .text._fork    0x0000000000000000       0x16 Src/syscalls.o
 .text._execve  0x0000000000000000       0x22 Src/syscalls.o
 .debug_info    0x0000000000000000     0x1038 Src/syscalls.o
 .debug_abbrev  0x0000000000000000      0x254 Src/syscalls.o
 .debug_loc     0x0000000000000000      0x5b8 Src/syscalls.o
 .debug_aranges
                0x0000000000000000       0xa8 Src/syscalls.o
 .debug_ranges  0x0000000000000000       0x98 Src/syscalls.o
 .debug_macro   0x0000000000000000      0x243 Src/syscalls.o
 .debug_macro   0x0000000000000000      0xa60 Src/syscalls.o
 .debug_macro   0x0000000000000000       0x22 Src/syscalls.o
 .debug_macro   0x0000000000000000       0x40 Src/syscalls.o
 .debug_macro   0x0000000000000000       0x18 Src/syscalls.o
 .debug_macro   0x0000000000000000       0x94 Src/syscalls.o
 .debug_macro   0x0000000000000000       0x3c Src/syscalls.o
 .debug_macro   0x0000000000000000       0x34 Src/syscalls.o
 .debug_macro   0x0000000000000000       0x57 Src/syscalls.o
 .debug_macro   0x0000000000000000      0x174 Src/syscalls.o
 .debug_macro   0x0000000000000000      0x330 Src/syscalls.o
 .debug_macro   0x0000000000000000       0x52 Src/syscalls.o
 .debug_macro   0x0000000000000000       0x1f Src/syscalls.o
 .debug_macro   0x0000000000000000       0x43 Src/syscalls.o
 .debug_macro   0x0000000000000000       0x20 Src/syscalls.o
 .debug_macro   0x0000000000000000      0x1a3 Src/syscalls.o
 .debug_macro   0x0000000000000000       0x10 Src/syscalls.o
 .debug_macro   0x0000000000000000       0x35 Src/syscalls.o
 .debug_macro   0x0000000000000000       0x10 Src/syscalls.o
 .debug_macro   0x0000000000000000       0x10 Src/syscalls.o
 .debug_macro   0x0000000000000000       0x10 Src/syscalls.o
 .debug_macro   0x0000000000000000       0x6a Src/syscalls.o
 .debug_macro   0x0000000000000000       0x1c Src/syscalls.o
 .debug_macro   0x0000000000000000       0x52 Src/syscalls.o
 .debug_macro   0x0000000000000000       0x40 Src/syscalls.o
 .debug_macro   0x0000000000000000       0x10 Src/syscalls.o
 .debug_macro   0x0000000000000000       0x40 Src/syscalls.o
 .debug_macro   0x0000000000000000       0xd7 Src/syscalls.o
 .debug_macro   0x0000000000000000       0x1c Src/syscalls.o
 .debug_macro   0x0000000000000000       0x3d Src/syscalls.o
 .debug_macro   0x0000000000000000       0x35 Src/syscalls.o
 .debug_macro   0x0000000000000000      0x122 Src/syscalls.o
 .debug_macro   0x0000000000000000       0x16 Src/syscalls.o
 .debug_macro   0x0000000000000000       0x16 Src/syscalls.o
 .debug_macro   0x0000000000000000       0x29 Src/syscalls.o
 .debug_macro   0x0000000000000000       0x10 Src/syscalls.o
 .debug_macro   0x0000000000000000      0x241 Src/syscalls.o
 .debug_macro   0x0000000000000000       0x1c Src/syscalls.o
 .debug_macro   0x0000000000000000       0x10 Src/syscalls.o
 .debug_macro   0x0000000000000000       0x10 Src/syscalls.o
 .debug_macro   0x0000000000000000       0x16 Src/syscalls.o
 .debug_macro   0x0000000000000000      0x145 Src/syscalls.o
 .debug_macro   0x0000000000000000      0x189 Src/syscalls.o
 .debug_macro   0x0000000000000000       0x16 Src/syscalls.o
 .debug_macro   0x0000000000000000       0x88 Src/syscalls.o
 .debug_line    0x0000000000000000      0x739 Src/syscalls.o
 .debug_str     0x0000000000000000     0x887d Src/syscalls.o
 .comment       0x0000000000000000       0x7c Src/syscalls.o
 .debug_frame   0x0000000000000000      0x2ac Src/syscalls.o
 .ARM.attributes
                0x0000000000000000       0x33 Src/syscalls.o
 .group         0x0000000000000000        0xc Src/sysmem.o
 .group         0x0000000000000000        0xc Src/sysmem.o
 .group         0x0000000000000000        0xc Src/sysmem.o
 .group         0x0000000000000000        0xc Src/sysmem.o
 .group         0x0000000000000000        0xc Src/sysmem.o
 .group         0x0000000000000000        0xc Src/sysmem.o
 .group         0x0000000000000000        0xc Src/sysmem.o
 .group         0x0000000000000000        0xc Src/sysmem.o
 .group         0x0000000000000000        0xc Src/sysmem.o
 .group         0x0000000000000000        0xc Src/sysmem.o
 .group         0x0000000000000000        0xc Src/sysmem.o
 .group         0x0000000000000000        0xc Src/sysmem.o
 .group         0x0000000000000000        0xc Src/sysmem.o
 .group         0x0000000000000000        0xc Src/sysmem.o
 .group         0x0000000000000000        0xc Src/sysmem.o
 .group         0x0000000000000000        0xc Src/sysmem.o
 .group         0x0000000000000000        0xc Src/sysmem.o
 .group         0x0000000000000000        0xc Src/sysmem.o
 .group         0x0000000000000000        0xc Src/sysmem.o
 .text          0x0000000000000000        0x0 Src/sysmem.o
 .data          0x0000000000000000        0x0 Src/sysmem.o
 .bss           0x0000000000000000        0x0 Src/sysmem.o
 .bss.__sbrk_heap_end
                0x0000000000000000        0x4 Src/sysmem.o
 .text._sbrk    0x0000000000000000       0x6c Src/sysmem.o
 .debug_info    0x0000000000000000      0xa7c Src/sysmem.o
 .debug_abbrev  0x0000000000000000      0x18e Src/sysmem.o
 .debug_loc     0x0000000000000000       0x50 Src/sysmem.o
 .debug_aranges
                0x0000000000000000       0x20 Src/sysmem.o
 .debug_ranges  0x0000000000000000       0x10 Src/sysmem.o
 .debug_macro   0x0000000000000000       0xee Src/sysmem.o
 .debug_macro   0x0000000000000000      0xa60 Src/sysmem.o
 .debug_macro   0x0000000000000000       0x10 Src/sysmem.o
 .debug_macro   0x0000000000000000       0x22 Src/sysmem.o
 .debug_macro   0x0000000000000000       0x40 Src/sysmem.o
 .debug_macro   0x0000000000000000       0x18 Src/sysmem.o
 .debug_macro   0x0000000000000000       0x94 Src/sysmem.o
 .debug_macro   0x0000000000000000       0x3c Src/sysmem.o
 .debug_macro   0x0000000000000000       0x34 Src/sysmem.o
 .debug_macro   0x0000000000000000      0x174 Src/sysmem.o
 .debug_macro   0x0000000000000000       0x57 Src/sysmem.o
 .debug_macro   0x0000000000000000       0x52 Src/sysmem.o
 .debug_macro   0x0000000000000000       0x1f Src/sysmem.o
 .debug_macro   0x0000000000000000       0x43 Src/sysmem.o
 .debug_macro   0x0000000000000000       0x20 Src/sysmem.o
 .debug_macro   0x0000000000000000      0x1a3 Src/sysmem.o
 .debug_macro   0x0000000000000000      0x23b Src/sysmem.o
 .debug_macro   0x0000000000000000       0xef Src/sysmem.o
 .debug_macro   0x0000000000000000       0x6a Src/sysmem.o
 .debug_macro   0x0000000000000000      0x1df Src/sysmem.o
 .debug_line    0x0000000000000000      0x4c2 Src/sysmem.o
 .debug_str     0x0000000000000000     0x5f4b Src/sysmem.o
 .comment       0x0000000000000000       0x7c Src/sysmem.o
 .debug_frame   0x0000000000000000       0x34 Src/sysmem.o
 .ARM.attributes
                0x0000000000000000       0x33 Src/sysmem.o
 .text          0x0000000000000000       0x14 Startup/startup_stm32f103c6tx.o
 .data          0x0000000000000000        0x0 Startup/startup_stm32f103c6tx.o
 .bss           0x0000000000000000        0x0 Startup/startup_stm32f103c6tx.o
 .text          0x0000000000000000        0x0 c:/st/stm32cubeide_1.4.0/stm32cubeide/plugins/com.st.stm32cube.ide.mcu.externaltools.gnu-tools-for-stm32.7-2018-q2-update.win32_1.4.0.202007081208/tools/bin/../lib/gcc/arm-none-eabi/7.3.1/../../../../arm-none-eabi/lib/thumb/v7-m\libc_nano.a(lib_a-errno.o)
 .data          0x0000000000000000        0x0 c:/st/stm32cubeide_1.4.0/stm32cubeide/plugins/com.st.stm32cube.ide.mcu.externaltools.gnu-tools-for-stm32.7-2018-q2-update.win32_1.4.0.202007081208/tools/bin/../lib/gcc/arm-none-eabi/7.3.1/../../../../arm-none-eabi/lib/thumb/v7-m\libc_nano.a(lib_a-errno.o)
 .bss           0x0000000000000000        0x0 c:/st/stm32cubeide_1.4.0/stm32cubeide/plugins/com.st.stm32cube.ide.mcu.externaltools.gnu-tools-for-stm32.7-2018-q2-update.win32_1.4.0.202007081208/tools/bin/../lib/gcc/arm-none-eabi/7.3.1/../../../../arm-none-eabi/lib/thumb/v7-m\libc_nano.a(lib_a-errno.o)
 .text.__errno  0x0000000000000000        0xc c:/st/stm32cubeide_1.4.0/stm32cubeide/plugins/com.st.stm32cube.ide.mcu.externaltools.gnu-tools-for-stm32.7-2018-q2-update.win32_1.4.0.202007081208/tools/bin/../lib/gcc/arm-none-eabi/7.3.1/../../../../arm-none-eabi/lib/thumb/v7-m\libc_nano.a(lib_a-errno.o)
 .debug_frame   0x0000000000000000       0x20 c:/st/stm32cubeide_1.4.0/stm32cubeide/plugins/com.st.stm32cube.ide.mcu.externaltools.gnu-tools-for-stm32.7-2018-q2-update.win32_1.4.0.202007081208/tools/bin/../lib/gcc/arm-none-eabi/7.3.1/../../../../arm-none-eabi/lib/thumb/v7-m\libc_nano.a(lib_a-errno.o)
 .ARM.attributes
                0x0000000000000000       0x2d c:/st/stm32cubeide_1.4.0/stm32cubeide/plugins/com.st.stm32cube.ide.mcu.externaltools.gnu-tools-for-stm32.7-2018-q2-update.win32_1.4.0.202007081208/tools/bin/../lib/gcc/arm-none-eabi/7.3.1/../../../../arm-none-eabi/lib/thumb/v7-m\libc_nano.a(lib_a-errno.o)
 .text          0x0000000000000000        0x0 c:/st/stm32cubeide_1.4.0/stm32cubeide/plugins/com.st.stm32cube.ide.mcu.externaltools.gnu-tools-for-stm32.7-2018-q2-update.win32_1.4.0.202007081208/tools/bin/../lib/gcc/arm-none-eabi/7.3.1/../../../../arm-none-eabi/lib/thumb/v7-m\libc_nano.a(lib_a-exit.o)
 .data          0x0000000000000000        0x0 c:/st/stm32cubeide_1.4.0/stm32cubeide/plugins/com.st.stm32cube.ide.mcu.externaltools.gnu-tools-for-stm32.7-2018-q2-update.win32_1.4.0.202007081208/tools/bin/../lib/gcc/arm-none-eabi/7.3.1/../../../../arm-none-eabi/lib/thumb/v7-m\libc_nano.a(lib_a-exit.o)
 .bss           0x0000000000000000        0x0 c:/st/stm32cubeide_1.4.0/stm32cubeide/plugins/com.st.stm32cube.ide.mcu.externaltools.gnu-tools-for-stm32.7-2018-q2-update.win32_1.4.0.202007081208/tools/bin/../lib/gcc/arm-none-eabi/7.3.1/../../../../arm-none-eabi/lib/thumb/v7-m\libc_nano.a(lib_a-exit.o)
 .text.exit     0x0000000000000000       0x28 c:/st/stm32cubeide_1.4.0/stm32cubeide/plugins/com.st.stm32cube.ide.mcu.externaltools.gnu-tools-for-stm32.7-2018-q2-update.win32_1.4.0.202007081208/tools/bin/../lib/gcc/arm-none-eabi/7.3.1/../../../../arm-none-eabi/lib/thumb/v7-m\libc_nano.a(lib_a-exit.o)
 .debug_frame   0x0000000000000000       0x28 c:/st/stm32cubeide_1.4.0/stm32cubeide/plugins/com.st.stm32cube.ide.mcu.externaltools.gnu-tools-for-stm32.7-2018-q2-update.win32_1.4.0.202007081208/tools/bin/../lib/gcc/arm-none-eabi/7.3.1/../../../../arm-none-eabi/lib/thumb/v7-m\libc_nano.a(lib_a-exit.o)
 .ARM.attributes
                0x0000000000000000       0x2d c:/st/stm32cubeide_1.4.0/stm32cubeide/plugins/com.st.stm32cube.ide.mcu.externaltools.gnu-tools-for-stm32.7-2018-q2-update.win32_1.4.0.202007081208/tools/bin/../lib/gcc/arm-none-eabi/7.3.1/../../../../arm-none-eabi/lib/thumb/v7-m\libc_nano.a(lib_a-exit.o)
 .text          0x0000000000000000        0x0 c:/st/stm32cubeide_1.4.0/stm32cubeide/plugins/com.st.stm32cube.ide.mcu.externaltools.gnu-tools-for-stm32.7-2018-q2-update.win32_1.4.0.202007081208/tools/bin/../lib/gcc/arm-none-eabi/7.3.1/../../../../arm-none-eabi/lib/thumb/v7-m\libc_nano.a(lib_a-impure.o)
 .data          0x0000000000000000        0x0 c:/st/stm32cubeide_1.4.0/stm32cubeide/plugins/com.st.stm32cube.ide.mcu.externaltools.gnu-tools-for-stm32.7-2018-q2-update.win32_1.4.0.202007081208/tools/bin/../lib/gcc/arm-none-eabi/7.3.1/../../../../arm-none-eabi/lib/thumb/v7-m\libc_nano.a(lib_a-impure.o)
 .bss           0x0000000000000000        0x0 c:/st/stm32cubeide_1.4.0/stm32cubeide/plugins/com.st.stm32cube.ide.mcu.externaltools.gnu-tools-for-stm32.7-2018-q2-update.win32_1.4.0.202007081208/tools/bin/../lib/gcc/arm-none-eabi/7.3.1/../../../../arm-none-eabi/lib/thumb/v7-m\libc_nano.a(lib_a-impure.o)
 .data._impure_ptr
                0x0000000000000000        0x4 c:/st/stm32cubeide_1.4.0/stm32cubeide/plugins/com.st.stm32cube.ide.mcu.externaltools.gnu-tools-for-stm32.7-2018-q2-update.win32_1.4.0.202007081208/tools/bin/../lib/gcc/arm-none-eabi/7.3.1/../../../../arm-none-eabi/lib/thumb/v7-m\libc_nano.a(lib_a-impure.o)
 .data.impure_data
                0x0000000000000000       0x60 c:/st/stm32cubeide_1.4.0/stm32cubeide/plugins/com.st.stm32cube.ide.mcu.externaltools.gnu-tools-for-stm32.7-2018-q2-update.win32_1.4.0.202007081208/tools/bin/../lib/gcc/arm-none-eabi/7.3.1/../../../../arm-none-eabi/lib/thumb/v7-m\libc_nano.a(lib_a-impure.o)
 .rodata._global_impure_ptr
                0x0000000000000000        0x4 c:/st/stm32cubeide_1.4.0/stm32cubeide/plugins/com.st.stm32cube.ide.mcu.externaltools.gnu-tools-for-stm32.7-2018-q2-update.win32_1.4.0.202007081208/tools/bin/../lib/gcc/arm-none-eabi/7.3.1/../../../../arm-none-eabi/lib/thumb/v7-m\libc_nano.a(lib_a-impure.o)
 .ARM.attributes
                0x0000000000000000       0x2d c:/st/stm32cubeide_1.4.0/stm32cubeide/plugins/com.st.stm32cube.ide.mcu.externaltools.gnu-tools-for-stm32.7-2018-q2-update.win32_1.4.0.202007081208/tools/bin/../lib/gcc/arm-none-eabi/7.3.1/../../../../arm-none-eabi/lib/thumb/v7-m\libc_nano.a(lib_a-impure.o)
 .text          0x0000000000000000        0x0 c:/st/stm32cubeide_1.4.0/stm32cubeide/plugins/com.st.stm32cube.ide.mcu.externaltools.gnu-tools-for-stm32.7-2018-q2-update.win32_1.4.0.202007081208/tools/bin/../lib/gcc/arm-none-eabi/7.3.1/../../../../arm-none-eabi/lib/thumb/v7-m\libc_nano.a(lib_a-init.o)
 .data          0x0000000000000000        0x0 c:/st/stm32cubeide_1.4.0/stm32cubeide/plugins/com.st.stm32cube.ide.mcu.externaltools.gnu-tools-for-stm32.7-2018-q2-update.win32_1.4.0.202007081208/tools/bin/../lib/gcc/arm-none-eabi/7.3.1/../../../../arm-none-eabi/lib/thumb/v7-m\libc_nano.a(lib_a-init.o)
 .bss           0x0000000000000000        0x0 c:/st/stm32cubeide_1.4.0/stm32cubeide/plugins/com.st.stm32cube.ide.mcu.externaltools.gnu-tools-for-stm32.7-2018-q2-update.win32_1.4.0.202007081208/tools/bin/../lib/gcc/arm-none-eabi/7.3.1/../../../../arm-none-eabi/lib/thumb/v7-m\libc_nano.a(lib_a-init.o)
 .text          0x0000000000000000        0x0 c:/st/stm32cubeide_1.4.0/stm32cubeide/plugins/com.st.stm32cube.ide.mcu.externaltools.gnu-tools-for-stm32.7-2018-q2-update.win32_1.4.0.202007081208/tools/bin/../lib/gcc/arm-none-eabi/7.3.1/../../../../arm-none-eabi/lib/thumb/v7-m\libc_nano.a(lib_a-memset.o)
 .data          0x0000000000000000        0x0 c:/st/stm32cubeide_1.4.0/stm32cubeide/plugins/com.st.stm32cube.ide.mcu.externaltools.gnu-tools-for-stm32.7-2018-q2-update.win32_1.4.0.202007081208/tools/bin/../lib/gcc/arm-none-eabi/7.3.1/../../../../arm-none-eabi/lib/thumb/v7-m\libc_nano.a(lib_a-memset.o)
 .bss           0x0000000000000000        0x0 c:/st/stm32cubeide_1.4.0/stm32cubeide/plugins/com.st.stm32cube.ide.mcu.externaltools.gnu-tools-for-stm32.7-2018-q2-update.win32_1.4.0.202007081208/tools/bin/../lib/gcc/arm-none-eabi/7.3.1/../../../../arm-none-eabi/lib/thumb/v7-m\libc_nano.a(lib_a-memset.o)
 .text.memset   0x0000000000000000       0x10 c:/st/stm32cubeide_1.4.0/stm32cubeide/plugins/com.st.stm32cube.ide.mcu.externaltools.gnu-tools-for-stm32.7-2018-q2-update.win32_1.4.0.202007081208/tools/bin/../lib/gcc/arm-none-eabi/7.3.1/../../../../arm-none-eabi/lib/thumb/v7-m\libc_nano.a(lib_a-memset.o)
 .debug_frame   0x0000000000000000       0x20 c:/st/stm32cubeide_1.4.0/stm32cubeide/plugins/com.st.stm32cube.ide.mcu.externaltools.gnu-tools-for-stm32.7-2018-q2-update.win32_1.4.0.202007081208/tools/bin/../lib/gcc/arm-none-eabi/7.3.1/../../../../arm-none-eabi/lib/thumb/v7-m\libc_nano.a(lib_a-memset.o)
 .ARM.attributes
                0x0000000000000000       0x2d c:/st/stm32cubeide_1.4.0/stm32cubeide/plugins/com.st.stm32cube.ide.mcu.externaltools.gnu-tools-for-stm32.7-2018-q2-update.win32_1.4.0.202007081208/tools/bin/../lib/gcc/arm-none-eabi/7.3.1/../../../../arm-none-eabi/lib/thumb/v7-m\libc_nano.a(lib_a-memset.o)
 .text          0x0000000000000000        0x0 c:/st/stm32cubeide_1.4.0/stm32cubeide/plugins/com.st.stm32cube.ide.mcu.externaltools.gnu-tools-for-stm32.7-2018-q2-update.win32_1.4.0.202007081208/tools/bin/../lib/gcc/arm-none-eabi/7.3.1/thumb/v7-m/crtend.o
 .data          0x0000000000000000        0x0 c:/st/stm32cubeide_1.4.0/stm32cubeide/plugins/com.st.stm32cube.ide.mcu.externaltools.gnu-tools-for-stm32.7-2018-q2-update.win32_1.4.0.202007081208/tools/bin/../lib/gcc/arm-none-eabi/7.3.1/thumb/v7-m/crtend.o
 .bss           0x0000000000000000        0x0 c:/st/stm32cubeide_1.4.0/stm32cubeide/plugins/com.st.stm32cube.ide.mcu.externaltools.gnu-tools-for-stm32.7-2018-q2-update.win32_1.4.0.202007081208/tools/bin/../lib/gcc/arm-none-eabi/7.3.1/thumb/v7-m/crtend.o
 .eh_frame      0x0000000000000000        0x4 c:/st/stm32cubeide_1.4.0/stm32cubeide/plugins/com.st.stm32cube.ide.mcu.externaltools.gnu-tools-for-stm32.7-2018-q2-update.win32_1.4.0.202007081208/tools/bin/../lib/gcc/arm-none-eabi/7.3.1/thumb/v7-m/crtend.o
 .ARM.attributes
                0x0000000000000000       0x2d c:/st/stm32cubeide_1.4.0/stm32cubeide/plugins/com.st.stm32cube.ide.mcu.externaltools.gnu-tools-for-stm32.7-2018-q2-update.win32_1.4.0.202007081208/tools/bin/../lib/gcc/arm-none-eabi/7.3.1/thumb/v7-m/crtend.o
 .text          0x0000000000000000        0x0 c:/st/stm32cubeide_1.4.0/stm32cubeide/plugins/com.st.stm32cube.ide.mcu.externaltools.gnu-tools-for-stm32.7-2018-q2-update.win32_1.4.0.202007081208/tools/bin/../lib/gcc/arm-none-eabi/7.3.1/thumb/v7-m/crtn.o
 .data          0x0000000000000000        0x0 c:/st/stm32cubeide_1.4.0/stm32cubeide/plugins/com.st.stm32cube.ide.mcu.externaltools.gnu-tools-for-stm32.7-2018-q2-update.win32_1.4.0.202007081208/tools/bin/../lib/gcc/arm-none-eabi/7.3.1/thumb/v7-m/crtn.o
 .bss           0x0000000000000000        0x0 c:/st/stm32cubeide_1.4.0/stm32cubeide/plugins/com.st.stm32cube.ide.mcu.externaltools.gnu-tools-for-stm32.7-2018-q2-update.win32_1.4.0.202007081208/tools/bin/../lib/gcc/arm-none-eabi/7.3.1/thumb/v7-m/crtn.o

Memory Configuration

Name             Origin             Length             Attributes
RAM              0x0000000020000000 0x0000000000002800 xrw
ROM              0x0000000008000000 0x0000000000008000 xr
*default*        0x0000000000000000 0xffffffffffffffff

Linker script and memory map

LOAD c:/st/stm32cubeide_1.4.0/stm32cubeide/plugins/com.st.stm32cube.ide.mcu.externaltools.gnu-tools-for-stm32.7-2018-q2-update.win32_1.4.0.202007081208/tools/bin/../lib/gcc/arm-none-eabi/7.3.1/thumb/v7-m/crti.o
LOAD c:/st/stm32cubeide_1.4.0/stm32cubeide/plugins/com.st.stm32cube.ide.mcu.externaltools.gnu-tools-for-stm32.7-2018-q2-update.win32_1.4.0.202007081208/tools/bin/../lib/gcc/arm-none-eabi/7.3.1/thumb/v7-m/crtbegin.o
LOAD c:/st/stm32cubeide_1.4.0/stm32cubeide/plugins/com.st.stm32cube.ide.mcu.externaltools.gnu-tools-for-stm32.7-2018-q2-update.win32_1.4.0.202007081208/tools/bin/../lib/gcc/arm-none-eabi/7.3.1/../../../../arm-none-eabi/lib/thumb/v7-m/crt0.o
LOAD HAL/Keypad/keypad.o
LOAD HAL/LCD/LCD.o
LOAD STM32F103C6_Drivers/EXTI/STM32F103C6_EXTI_driver.o
LOAD STM32F103C6_Drivers/GPIO/STM32F103C6_GPIO_driver.o
LOAD Src/main.o
LOAD Src/syscalls.o
LOAD Src/sysmem.o
LOAD Startup/startup_stm32f103c6tx.o
START GROUP
LOAD c:/st/stm32cubeide_1.4.0/stm32cubeide/plugins/com.st.stm32cube.ide.mcu.externaltools.gnu-tools-for-stm32.7-2018-q2-update.win32_1.4.0.202007081208/tools/bin/../lib/gcc/arm-none-eabi/7.3.1/../../../../arm-none-eabi/lib/thumb/v7-m\libc_nano.a
LOAD c:/st/stm32cubeide_1.4.0/stm32cubeide/plugins/com.st.stm32cube.ide.mcu.externaltools.gnu-tools-for-stm32.7-2018-q2-update.win32_1.4.0.202007081208/tools/bin/../lib/gcc/arm-none-eabi/7.3.1/../../../../arm-none-eabi/lib/thumb/v7-m\libm.a
END GROUP
START GROUP
LOAD c:/st/stm32cubeide_1.4.0/stm32cubeide/plugins/com.st.stm32cube.ide.mcu.externaltools.gnu-tools-for-stm32.7-2018-q2-update.win32_1.4.0.202007081208/tools/bin/../lib/gcc/arm-none-eabi/7.3.1/thumb/v7-m\libgcc.a
LOAD c:/st/stm32cubeide_1.4.0/stm32cubeide/plugins/com.st.stm32cube.ide.mcu.externaltools.gnu-tools-for-stm32.7-2018-q2-update.win32_1.4.0.202007081208/tools/bin/../lib/gcc/arm-none-eabi/7.3.1/../../../../arm-none-eabi/lib/thumb/v7-m\libg_nano.a
LOAD c:/st/stm32cubeide_1.4.0/stm32cubeide/plugins/com.st.stm32cube.ide.mcu.externaltools.gnu-tools-for-stm32.7-2018-q2-update.win32_1.4.0.202007081208/tools/bin/../lib/gcc/arm-none-eabi/7.3.1/../../../../arm-none-eabi/lib/thumb/v7-m\libc_nano.a
END GROUP
START GROUP
LOAD c:/st/stm32cubeide_1.4.0/stm32cubeide/plugins/com.st.stm32cube.ide.mcu.externaltools.gnu-tools-for-stm32.7-2018-q2-update.win32_1.4.0.202007081208/tools/bin/../lib/gcc/arm-none-eabi/7.3.1/thumb/v7-m\libgcc.a
LOAD c:/st/stm32cubeide_1.4.0/stm32cubeide/plugins/com.st.stm32cube.ide.mcu.externaltools.gnu-tools-for-stm32.7-2018-q2-update.win32_1.4.0.202007081208/tools/bin/../lib/gcc/arm-none-eabi/7.3.1/../../../../arm-none-eabi/lib/thumb/v7-m\libc_nano.a
LOAD c:/st/stm32cubeide_1.4.0/stm32cubeide/plugins/com.st.stm32cube.ide.mcu.externaltools.gnu-tools-for-stm32.7-2018-q2-update.win32_1.4.0.202007081208/tools/bin/../lib/gcc/arm-none-eabi/7.3.1/../../../../arm-none-eabi/lib/thumb/v7-m\libnosys.a
END GROUP
START GROUP
LOAD c:/st/stm32cubeide_1.4.0/stm32cubeide/plugins/com.st.stm32cube.ide.mcu.externaltools.gnu-tools-for-stm32.7-2018-q2-update.win32_1.4.0.202007081208/tools/bin/../lib/gcc/arm-none-eabi/7.3.1/thumb/v7-m\libgcc.a
LOAD c:/st/stm32cubeide_1.4.0/stm32cubeide/plugins/com.st.stm32cube.ide.mcu.externaltools.gnu-tools-for-stm32.7-2018-q2-update.win32_1.4.0.202007081208/tools/bin/../lib/gcc/arm-none-eabi/7.3.1/../../../../arm-none-eabi/lib/thumb/v7-m\libc_nano.a
LOAD c:/st/stm32cubeide_1.4.0/stm32cubeide/plugins/com.st.stm32cube.ide.mcu.externaltools.gnu-tools-for-stm32.7-2018-q2-update.win32_1.4.0.202007081208/tools/bin/../lib/gcc/arm-none-eabi/7.3.1/../../../../arm-none-eabi/lib/thumb/v7-m\libnosys.a
END GROUP
LOAD c:/st/stm32cubeide_1.4.0/stm32cubeide/plugins/com.st.stm32cube.ide.mcu.externaltools.gnu-tools-for-stm32.7-2018-q2-update.win32_1.4.0.202007081208/tools/bin/../lib/gcc/arm-none-eabi/7.3.1/thumb/v7-m/crtend.o
LOAD c:/st/stm32cubeide_1.4.0/stm32cubeide/plugins/com.st.stm32cube.ide.mcu.externaltools.gnu-tools-for-stm32.7-2018-q2-update.win32_1.4.0.202007081208/tools/bin/../lib/gcc/arm-none-eabi/7.3.1/thumb/v7-m/crtn.o
                0x0000000020002800                _estack = (ORIGIN (RAM) + LENGTH (RAM))
                0x0000000000000200                _Min_Heap_Size = 0x200
                0x0000000000000400                _Min_Stack_Size = 0x400

.isr_vector     0x0000000008000000      0x130
                0x0000000008000000                . = ALIGN (0x4)
 *(.isr_vector)
 .isr_vector    0x0000000008000000      0x130 Startup/startup_stm32f103c6tx.o
                0x0000000008000000                g_pfnVectors
                0x0000000008000130                . = ALIGN (0x4)

.text           0x0000000008000130      0xcb8
                0x0000000008000130                . = ALIGN (0x4)
 *(.text)
 .text          0x0000000008000130       0x40 c:/st/stm32cubeide_1.4.0/stm32cubeide/plugins/com.st.stm32cube.ide.mcu.externaltools.gnu-tools-for-stm32.7-2018-q2-update.win32_1.4.0.202007081208/tools/bin/../lib/gcc/arm-none-eabi/7.3.1/thumb/v7-m/crtbegin.o
 *(.text*)
 .text.ms_wait  0x0000000008000170       0x38 HAL/LCD/LCD.o
                0x0000000008000170                ms_wait
 .text.LCD_GPIO_Init
                0x00000000080001a8      0x158 HAL/LCD/LCD.o
                0x00000000080001a8                LCD_GPIO_Init
 .text.LCD_Init
                0x0000000008000300       0x34 HAL/LCD/LCD.o
                0x0000000008000300                LCD_Init
 .text.LCD_WRITE_COMMAND
                0x0000000008000334       0x44 HAL/LCD/LCD.o
                0x0000000008000334                LCD_WRITE_COMMAND
 .text.LCD_WRITE_CHAR
                0x0000000008000378       0x44 HAL/LCD/LCD.o
                0x0000000008000378                LCD_WRITE_CHAR
 .text.LCD_WRITE_STRING
                0x00000000080003bc       0x58 HAL/LCD/LCD.o
                0x00000000080003bc                LCD_WRITE_STRING
 .text.LCD_Kick
                0x0000000008000414       0x2c HAL/LCD/LCD.o
                0x0000000008000414                LCD_Kick
 .text.LCD_clear_screen
                0x0000000008000440        0xe HAL/LCD/LCD.o
                0x0000000008000440                LCD_clear_screen
 .text.LCD_GOTO_XY
                0x000000000800044e       0x48 HAL/LCD/LCD.o
                0x000000000800044e                LCD_GOTO_XY
 *fill*         0x0000000008000496        0x2 
 .text.Enable_NVIC
                0x0000000008000498       0xcc STM32F103C6_Drivers/EXTI/STM32F103C6_EXTI_driver.o
                0x0000000008000498                Enable_NVIC
 .text.Disable_NVIC
                0x0000000008000564       0xcc STM32F103C6_Drivers/EXTI/STM32F103C6_EXTI_driver.o
                0x0000000008000564                Disable_NVIC
 .text.Update_EXTI
                0x0000000008000630      0x1d8 STM32F103C6_Drivers/EXTI/STM32F103C6_EXTI_driver.o
                0x0000000008000630                Update_EXTI
 .text.MCAL_EXTI_Init
                0x0000000008000808       0x16 STM32F103C6_Drivers/EXTI/STM32F103C6_EXTI_driver.o
                0x0000000008000808                MCAL_EXTI_Init
 *fill*         0x000000000800081e        0x2 
 .text.EXTI0_IRQHandler
                0x0000000008000820       0x24 STM32F103C6_Drivers/EXTI/STM32F103C6_EXTI_driver.o
                0x0000000008000820                EXTI0_IRQHandler
 .text.EXTI1_IRQHandler
                0x0000000008000844       0x24 STM32F103C6_Drivers/EXTI/STM32F103C6_EXTI_driver.o
                0x0000000008000844                EXTI1_IRQHandler
 .text.EXTI2_IRQHandler
                0x0000000008000868       0x24 STM32F103C6_Drivers/EXTI/STM32F103C6_EXTI_driver.o
                0x0000000008000868                EXTI2_IRQHandler
 .text.EXTI3_IRQHandler
                0x000000000800088c       0x24 STM32F103C6_Drivers/EXTI/STM32F103C6_EXTI_driver.o
                0x000000000800088c                EXTI3_IRQHandler
 .text.EXTI4_IRQHandler
                0x00000000080008b0       0x24 STM32F103C6_Drivers/EXTI/STM32F103C6_EXTI_driver.o
                0x00000000080008b0                EXTI4_IRQHandler
 .text.EXTI9_5_IRQHandler
                0x00000000080008d4       0xa8 STM32F103C6_Drivers/EXTI/STM32F103C6_EXTI_driver.o
                0x00000000080008d4                EXTI9_5_IRQHandler
 .text.EXTI15_10_IRQHandler
                0x000000000800097c       0xc4 STM32F103C6_Drivers/EXTI/STM32F103C6_EXTI_driver.o
                0x000000000800097c                EXTI15_10_IRQHandler
 .text.Get_CRLH_Position
                0x0000000008000a40       0xc6 STM32F103C6_Drivers/GPIO/STM32F103C6_GPIO_driver.o
                0x0000000008000a40                Get_CRLH_Position
 .text.MCAL_GPIO_Init
                0x0000000008000b06       0xfe STM32F103C6_Drivers/GPIO/STM32F103C6_GPIO_driver.o
                0x0000000008000b06                MCAL_GPIO_Init
 .text.MCAL_GPIO_WritePin
                0x0000000008000c04       0x2e STM32F103C6_Drivers/GPIO/STM32F103C6_GPIO_driver.o
                0x0000000008000c04                MCAL_GPIO_WritePin
 .text.MCAL_GPIO_WritePort
                0x0000000008000c32       0x1c STM32F103C6_Drivers/GPIO/STM32F103C6_GPIO_driver.o
                0x0000000008000c32                MCAL_GPIO_WritePort
 *fill*         0x0000000008000c4e        0x2 
 .text.clock_init
                0x0000000008000c50       0x34 Src/main.o
                0x0000000008000c50                clock_init
 .text.Delay    0x0000000008000c84       0x38 Src/main.o
                0x0000000008000c84                Delay
 .text.EXTI9_CallBack
                0x0000000008000cbc       0x28 Src/main.o
                0x0000000008000cbc                EXTI9_CallBack
 .text.main     0x0000000008000ce4       0x50 Src/main.o
                0x0000000008000ce4                main
 .text.Reset_Handler
                0x0000000008000d34       0x50 Startup/startup_stm32f103c6tx.o
                0x0000000008000d34                Reset_Handler
 .text.Default_Handler
                0x0000000008000d84        0x2 Startup/startup_stm32f103c6tx.o
                0x0000000008000d84                TIM8_TRG_COM_IRQHandler
                0x0000000008000d84                TIM8_CC_IRQHandler
                0x0000000008000d84                DebugMon_Handler
                0x0000000008000d84                TIM1_CC_IRQHandler
                0x0000000008000d84                HardFault_Handler
                0x0000000008000d84                TIM6_IRQHandler
                0x0000000008000d84                SysTick_Handler
                0x0000000008000d84                PVD_IRQHandler
                0x0000000008000d84                SDIO_IRQHandler
                0x0000000008000d84                PendSV_Handler
                0x0000000008000d84                NMI_Handler
                0x0000000008000d84                USB_HP_CAN_TX_IRQHandler
                0x0000000008000d84                I2C2_EV_IRQHandler
                0x0000000008000d84                UsageFault_Handler
                0x0000000008000d84                ADC1_2_IRQHandler
                0x0000000008000d84                SPI1_IRQHandler
                0x0000000008000d84                CAN_SCE_IRQHandler
                0x0000000008000d84                TAMPER_IRQHandler
                0x0000000008000d84                TIM8_UP_IRQHandler
                0x0000000008000d84                DMA2_Channel2_IRQHandler
                0x0000000008000d84                DMA1_Channel4_IRQHandler
                0x0000000008000d84                USART3_IRQHandler
                0x0000000008000d84                RTC_IRQHandler
                0x0000000008000d84                DMA1_Channel7_IRQHandler
                0x0000000008000d84                UART5_IRQHandler
                0x0000000008000d84                ADC3_IRQHandler
                0x0000000008000d84                TIM4_IRQHandler
                0x0000000008000d84                CAN_RX1_IRQHandler
                0x0000000008000d84                DMA2_Channel1_IRQHandler
                0x0000000008000d84                I2C1_EV_IRQHandler
                0x0000000008000d84                DMA1_Channel6_IRQHandler
                0x0000000008000d84                UART4_IRQHandler
                0x0000000008000d84                TIM3_IRQHandler
                0x0000000008000d84                RCC_IRQHandler
                0x0000000008000d84                TIM1_TRG_COM_IRQHandler
                0x0000000008000d84                DMA1_Channel1_IRQHandler
                0x0000000008000d84                Default_Handler
                0x0000000008000d84                TIM7_IRQHandler
                0x0000000008000d84                TIM5_IRQHandler
                0x0000000008000d84                SPI2_IRQHandler
                0x0000000008000d84                USB_LP_CAN_RX0_IRQHandler
                0x0000000008000d84                MemManage_Handler
                0x0000000008000d84                SVC_Handler
                0x0000000008000d84                DMA1_Channel5_IRQHandler
                0x0000000008000d84                DMA1_Channel3_IRQHandler
                0x0000000008000d84                FSMC_IRQHandler
                0x0000000008000d84                TIM1_UP_IRQHandler
                0x0000000008000d84                WWDG_IRQHandler
                0x0000000008000d84                TIM2_IRQHandler
                0x0000000008000d84                TIM1_BRK_IRQHandler
                0x0000000008000d84                RTCAlarm_IRQHandler
                0x0000000008000d84                DMA2_Channel4_5_IRQHandler
                0x0000000008000d84                USART2_IRQHandler
                0x0000000008000d84                I2C2_ER_IRQHandler
                0x0000000008000d84                DMA1_Channel2_IRQHandler
                0x0000000008000d84                TIM8_BRK_IRQHandler
                0x0000000008000d84                FLASH_IRQHandler
                0x0000000008000d84                BusFault_Handler
                0x0000000008000d84                USART1_IRQHandler
                0x0000000008000d84                SPI3_IRQHandler
                0x0000000008000d84                I2C1_ER_IRQHandler
                0x0000000008000d84                DMA2_Channel3_IRQHandler
 *fill*         0x0000000008000d86        0x2 
 .text.__libc_init_array
                0x0000000008000d88       0x48 c:/st/stm32cubeide_1.4.0/stm32cubeide/plugins/com.st.stm32cube.ide.mcu.externaltools.gnu-tools-for-stm32.7-2018-q2-update.win32_1.4.0.202007081208/tools/bin/../lib/gcc/arm-none-eabi/7.3.1/../../../../arm-none-eabi/lib/thumb/v7-m\libc_nano.a(lib_a-init.o)
                0x0000000008000d88                __libc_init_array
 *(.glue_7)
 .glue_7        0x0000000008000dd0        0x0 linker stubs
 *(.glue_7t)
 .glue_7t       0x0000000008000dd0        0x0 linker stubs
 *(.eh_frame)
 .eh_frame      0x0000000008000dd0        0x0 c:/st/stm32cubeide_1.4.0/stm32cubeide/plugins/com.st.stm32cube.ide.mcu.externaltools.gnu-tools-for-stm32.7-2018-q2-update.win32_1.4.0.202007081208/tools/bin/../lib/gcc/arm-none-eabi/7.3.1/thumb/v7-m/crtbegin.o
 *(.init)
 .init          0x0000000008000dd0        0x4 c:/st/stm32cubeide_1.4.0/stm32cubeide/plugins/com.st.stm32cube.ide.mcu.externaltools.gnu-tools-for-stm32.7-2018-q2-update.win32_1.4.0.202007081208/tools/bin/../lib/gcc/arm-none-eabi/7.3.1/thumb/v7-m/crti.o
                0x0000000008000dd0                _init
 .init          0x0000000008000dd4        0x8 c:/st/stm32cubeide_1.4.0/stm32cubeide/plugins/com.st.stm32cube.ide.mcu.externaltools.gnu-tools-for-stm32.7-2018-q2-update.win32_1.4.0.202007081208/tools/bin/../lib/gcc/arm-none-eabi/7.3.1/thumb/v7-m/crtn.o
 *(.fini)
 .fini          0x0000000008000ddc        0x4 c:/st/stm32cubeide_1.4.0/stm32cubeide/plugins/com.st.stm32cube.ide.mcu.externaltools.gnu-tools-for-stm32.7-2018-q2-update.win32_1.4.0.202007081208/tools/bin/../lib/gcc/arm-none-eabi/7.3.1/thumb/v7-m/crti.o
                0x0000000008000ddc                _fini
 .fini          0x0000000008000de0        0x8 c:/st/stm32cubeide_1.4.0/stm32cubeide/plugins/com.st.stm32cube.ide.mcu.externaltools.gnu-tools-for-stm32.7-2018-q2-update.win32_1.4.0.202007081208/tools/bin/../lib/gcc/arm-none-eabi/7.3.1/thumb/v7-m/crtn.o
                0x0000000008000de8                . = ALIGN (0x4)
                0x0000000008000de8                _etext = .

.vfp11_veneer   0x0000000008000de8        0x0
 .vfp11_veneer  0x0000000008000de8        0x0 linker stubs

.v4_bx          0x0000000008000de8        0x0
 .v4_bx         0x0000000008000de8        0x0 linker stubs

.iplt           0x0000000008000de8        0x0
 .iplt          0x0000000008000de8        0x0 c:/st/stm32cubeide_1.4.0/stm32cubeide/plugins/com.st.stm32cube.ide.mcu.externaltools.gnu-tools-for-stm32.7-2018-q2-update.win32_1.4.0.202007081208/tools/bin/../lib/gcc/arm-none-eabi/7.3.1/thumb/v7-m/crtbegin.o

.rodata         0x0000000008000de8       0x28
                0x0000000008000de8                . = ALIGN (0x4)
 *(.rodata)
 .rodata        0x0000000008000de8       0x28 Src/main.o
 *(.rodata*)
                0x0000000008000e10                . = ALIGN (0x4)

.rel.dyn        0x0000000008000e10        0x0
 .rel.iplt      0x0000000008000e10        0x0 c:/st/stm32cubeide_1.4.0/stm32cubeide/plugins/com.st.stm32cube.ide.mcu.externaltools.gnu-tools-for-stm32.7-2018-q2-update.win32_1.4.0.202007081208/tools/bin/../lib/gcc/arm-none-eabi/7.3.1/thumb/v7-m/crtbegin.o

.ARM.extab      0x0000000008000e10        0x0
                0x0000000008000e10                . = ALIGN (0x4)
 *(.ARM.extab* .gnu.linkonce.armextab.*)
                0x0000000008000e10                . = ALIGN (0x4)

.ARM            0x0000000008000e10        0x0
                0x0000000008000e10                . = ALIGN (0x4)
                0x0000000008000e10                __exidx_start = .
 *(.ARM.exidx*)
                0x0000000008000e10                __exidx_end = .
                0x0000000008000e10                . = ALIGN (0x4)

.preinit_array  0x0000000008000e10        0x0
                0x0000000008000e10                . = ALIGN (0x4)
                0x0000000008000e10                PROVIDE (__preinit_array_start = .)
 *(.preinit_array*)
                0x0000000008000e10                PROVIDE (__preinit_array_end = .)
                0x0000000008000e10                . = ALIGN (0x4)

.init_array     0x0000000008000e10        0x4
                0x0000000008000e10                . = ALIGN (0x4)
                0x0000000008000e10                PROVIDE (__init_array_start = .)
 *(SORT_BY_NAME(.init_array.*))
 *(.init_array*)
 .init_array    0x0000000008000e10        0x4 c:/st/stm32cubeide_1.4.0/stm32cubeide/plugins/com.st.stm32cube.ide.mcu.externaltools.gnu-tools-for-stm32.7-2018-q2-update.win32_1.4.0.202007081208/tools/bin/../lib/gcc/arm-none-eabi/7.3.1/thumb/v7-m/crtbegin.o
                0x0000000008000e14                PROVIDE (__init_array_end = .)
                0x0000000008000e14                . = ALIGN (0x4)

.fini_array     0x0000000008000e14        0x4
                0x0000000008000e14                . = ALIGN (0x4)
                [!provide]                        PROVIDE (__fini_array_start = .)
 *(SORT_BY_NAME(.fini_array.*))
 *(.fini_array*)
 .fini_array    0x0000000008000e14        0x4 c:/st/stm32cubeide_1.4.0/stm32cubeide/plugins/com.st.stm32cube.ide.mcu.externaltools.gnu-tools-for-stm32.7-2018-q2-update.win32_1.4.0.202007081208/tools/bin/../lib/gcc/arm-none-eabi/7.3.1/thumb/v7-m/crtbegin.o
                [!provide]                        PROVIDE (__fini_array_end = .)
                0x0000000008000e18                . = ALIGN (0x4)
                0x0000000008000e18                _sidata = LOADADDR (.data)

.data           0x0000000020000000        0x0 load address 0x0000000008000e18
                0x0000000020000000                . = ALIGN (0x4)
                0x0000000020000000                _sdata = .
 *(.data)
 *(.data*)
                0x0000000020000000                . = ALIGN (0x4)
                0x0000000020000000                _edata = .

.igot.plt       0x0000000020000000        0x0 load address 0x0000000008000e18
 .igot.plt      0x0000000020000000        0x0 c:/st/stm32cubeide_1.4.0/stm32cubeide/plugins/com.st.stm32cube.ide.mcu.externaltools.gnu-tools-for-stm32.7-2018-q2-update.win32_1.4.0.202007081208/tools/bin/../lib/gcc/arm-none-eabi/7.3.1/thumb/v7-m/crtbegin.o
                0x0000000020000000                . = ALIGN (0x4)

.bss            0x0000000020000000       0x60 load address 0x0000000008000e18
                0x0000000020000000                _sbss = .
                0x0000000020000000                __bss_start__ = _sbss
 *(.bss)
 .bss           0x0000000020000000       0x1c c:/st/stm32cubeide_1.4.0/stm32cubeide/plugins/com.st.stm32cube.ide.mcu.externaltools.gnu-tools-for-stm32.7-2018-q2-update.win32_1.4.0.202007081208/tools/bin/../lib/gcc/arm-none-eabi/7.3.1/thumb/v7-m/crtbegin.o
 *(.bss*)
 *(COMMON)
 COMMON         0x000000002000001c        0x4 HAL/Keypad/keypad.o
                0x000000002000001c                PinCfg
 COMMON         0x0000000020000020       0x3c STM32F103C6_Drivers/EXTI/STM32F103C6_EXTI_driver.o
                0x0000000020000020                GP_IRQ_CallBack
 COMMON         0x000000002000005c        0x4 Src/main.o
                0x000000002000005c                IRQ_flag
                0x0000000020000060                . = ALIGN (0x4)
                0x0000000020000060                _ebss = .
                0x0000000020000060                __bss_end__ = _ebss

._user_heap_stack
                0x0000000020000060      0x600 load address 0x0000000008000e18
                0x0000000020000060                . = ALIGN (0x8)
                [!provide]                        PROVIDE (end = .)
                0x0000000020000060                PROVIDE (_end = .)
                0x0000000020000260                . = (. + _Min_Heap_Size)
 *fill*         0x0000000020000060      0x200 
                0x0000000020000660                . = (. + _Min_Stack_Size)
 *fill*         0x0000000020000260      0x400 
                0x0000000020000660                . = ALIGN (0x8)

/DISCARD/
 libc.a(*)
 libm.a(*)
 libgcc.a(*)

.ARM.attributes
                0x0000000000000000       0x29
 *(.ARM.attributes)
 .ARM.attributes
                0x0000000000000000       0x1d c:/st/stm32cubeide_1.4.0/stm32cubeide/plugins/com.st.stm32cube.ide.mcu.externaltools.gnu-tools-for-stm32.7-2018-q2-update.win32_1.4.0.202007081208/tools/bin/../lib/gcc/arm-none-eabi/7.3.1/thumb/v7-m/crti.o
 .ARM.attributes
                0x000000000000001d       0x2d c:/st/stm32cubeide_1.4.0/stm32cubeide/plugins/com.st.stm32cube.ide.mcu.externaltools.gnu-tools-for-stm32.7-2018-q2-update.win32_1.4.0.202007081208/tools/bin/../lib/gcc/arm-none-eabi/7.3.1/thumb/v7-m/crtbegin.o
 .ARM.attributes
                0x000000000000004a       0x33 HAL/Keypad/keypad.o
 .ARM.attributes
                0x000000000000007d       0x33 HAL/LCD/LCD.o
 .ARM.attributes
                0x00000000000000b0       0x33 STM32F103C6_Drivers/EXTI/STM32F103C6_EXTI_driver.o
 .ARM.attributes
                0x00000000000000e3       0x33 STM32F103C6_Drivers/GPIO/STM32F103C6_GPIO_driver.o
 .ARM.attributes
                0x0000000000000116       0x33 Src/main.o
 .ARM.attributes
                0x0000000000000149       0x21 Startup/startup_stm32f103c6tx.o
 .ARM.attributes
                0x000000000000016a       0x2d c:/st/stm32cubeide_1.4.0/stm32cubeide/plugins/com.st.stm32cube.ide.mcu.externaltools.gnu-tools-for-stm32.7-2018-q2-update.win32_1.4.0.202007081208/tools/bin/../lib/gcc/arm-none-eabi/7.3.1/../../../../arm-none-eabi/lib/thumb/v7-m\libc_nano.a(lib_a-init.o)
 .ARM.attributes
                0x0000000000000197       0x1d c:/st/stm32cubeide_1.4.0/stm32cubeide/plugins/com.st.stm32cube.ide.mcu.externaltools.gnu-tools-for-stm32.7-2018-q2-update.win32_1.4.0.202007081208/tools/bin/../lib/gcc/arm-none-eabi/7.3.1/thumb/v7-m/crtn.o
OUTPUT(Drivers.elf elf32-littlearm)

.debug_info     0x0000000000000000     0x3ea1
 .debug_info    0x0000000000000000      0xb0a HAL/Keypad/keypad.o
 .debug_info    0x0000000000000b0a      0xbf1 HAL/LCD/LCD.o
 .debug_info    0x00000000000016fb      0xdbd STM32F103C6_Drivers/EXTI/STM32F103C6_EXTI_driver.o
 .debug_info    0x00000000000024b8      0xd56 STM32F103C6_Drivers/GPIO/STM32F103C6_GPIO_driver.o
 .debug_info    0x000000000000320e      0xc71 Src/main.o
 .debug_info    0x0000000000003e7f       0x22 Startup/startup_stm32f103c6tx.o

.debug_abbrev   0x0000000000000000      0xa0d
 .debug_abbrev  0x0000000000000000      0x1a6 HAL/Keypad/keypad.o
 .debug_abbrev  0x00000000000001a6      0x203 HAL/LCD/LCD.o
 .debug_abbrev  0x00000000000003a9      0x228 STM32F103C6_Drivers/EXTI/STM32F103C6_EXTI_driver.o
 .debug_abbrev  0x00000000000005d1      0x232 STM32F103C6_Drivers/GPIO/STM32F103C6_GPIO_driver.o
 .debug_abbrev  0x0000000000000803      0x1f8 Src/main.o
 .debug_abbrev  0x00000000000009fb       0x12 Startup/startup_stm32f103c6tx.o

.debug_loc      0x0000000000000000      0xa48
 .debug_loc     0x0000000000000000       0x7c HAL/Keypad/keypad.o
 .debug_loc     0x000000000000007c      0x278 HAL/LCD/LCD.o
 .debug_loc     0x00000000000002f4      0x320 STM32F103C6_Drivers/EXTI/STM32F103C6_EXTI_driver.o
 .debug_loc     0x0000000000000614      0x330 STM32F103C6_Drivers/GPIO/STM32F103C6_GPIO_driver.o
 .debug_loc     0x0000000000000944      0x104 Src/main.o

.debug_aranges  0x0000000000000000      0x1d0
 .debug_aranges
                0x0000000000000000       0x28 HAL/Keypad/keypad.o
 .debug_aranges
                0x0000000000000028       0x68 HAL/LCD/LCD.o
 .debug_aranges
                0x0000000000000090       0x80 STM32F103C6_Drivers/EXTI/STM32F103C6_EXTI_driver.o
 .debug_aranges
                0x0000000000000110       0x60 STM32F103C6_Drivers/GPIO/STM32F103C6_GPIO_driver.o
 .debug_aranges
                0x0000000000000170       0x38 Src/main.o
 .debug_aranges
                0x00000000000001a8       0x28 Startup/startup_stm32f103c6tx.o

.debug_ranges   0x0000000000000000      0x178
 .debug_ranges  0x0000000000000000       0x18 HAL/Keypad/keypad.o
 .debug_ranges  0x0000000000000018       0x58 HAL/LCD/LCD.o
 .debug_ranges  0x0000000000000070       0x70 STM32F103C6_Drivers/EXTI/STM32F103C6_EXTI_driver.o
 .debug_ranges  0x00000000000000e0       0x50 STM32F103C6_Drivers/GPIO/STM32F103C6_GPIO_driver.o
 .debug_ranges  0x0000000000000130       0x28 Src/main.o
 .debug_ranges  0x0000000000000158       0x20 Startup/startup_stm32f103c6tx.o

.debug_macro    0x0000000000000000     0x249e
 .debug_macro   0x0000000000000000      0x152 HAL/Keypad/keypad.o
 .debug_macro   0x0000000000000152      0xa60 HAL/Keypad/keypad.o
 .debug_macro   0x0000000000000bb2       0x18 HAL/Keypad/keypad.o
 .debug_macro   0x0000000000000bca       0x22 HAL/Keypad/keypad.o
 .debug_macro   0x0000000000000bec       0x40 HAL/Keypad/keypad.o
 .debug_macro   0x0000000000000c2c       0x94 HAL/Keypad/keypad.o
 .debug_macro   0x0000000000000cc0       0x3c HAL/Keypad/keypad.o
 .debug_macro   0x0000000000000cfc       0x34 HAL/Keypad/keypad.o
 .debug_macro   0x0000000000000d30       0x16 HAL/Keypad/keypad.o
 .debug_macro   0x0000000000000d46      0x10e HAL/Keypad/keypad.o
 .debug_macro   0x0000000000000e54       0x8d HAL/Keypad/keypad.o
 .debug_macro   0x0000000000000ee1       0x57 HAL/Keypad/keypad.o
 .debug_macro   0x0000000000000f38       0x52 HAL/Keypad/keypad.o
 .debug_macro   0x0000000000000f8a       0x1f HAL/Keypad/keypad.o
 .debug_macro   0x0000000000000fa9       0x43 HAL/Keypad/keypad.o
 .debug_macro   0x0000000000000fec       0x20 HAL/Keypad/keypad.o
 .debug_macro   0x000000000000100c      0x1a3 HAL/Keypad/keypad.o
 .debug_macro   0x00000000000011af      0x330 HAL/Keypad/keypad.o
 .debug_macro   0x00000000000014df       0x16 HAL/Keypad/keypad.o
 .debug_macro   0x00000000000014f5       0x29 HAL/Keypad/keypad.o
 .debug_macro   0x000000000000151e       0xef HAL/Keypad/keypad.o
 .debug_macro   0x000000000000160d       0x6a HAL/Keypad/keypad.o
 .debug_macro   0x0000000000001677      0x1df HAL/Keypad/keypad.o
 .debug_macro   0x0000000000001856      0x19c HAL/Keypad/keypad.o
 .debug_macro   0x00000000000019f2       0xd0 HAL/Keypad/keypad.o
 .debug_macro   0x0000000000001ac2       0x3a HAL/Keypad/keypad.o
 .debug_macro   0x0000000000001afc      0x152 HAL/LCD/LCD.o
 .debug_macro   0x0000000000001c4e       0x8e HAL/LCD/LCD.o
 .debug_macro   0x0000000000001cdc      0x14e STM32F103C6_Drivers/EXTI/STM32F103C6_EXTI_driver.o
 .debug_macro   0x0000000000001e2a       0xd6 STM32F103C6_Drivers/EXTI/STM32F103C6_EXTI_driver.o
 .debug_macro   0x0000000000001f00      0x223 STM32F103C6_Drivers/EXTI/STM32F103C6_EXTI_driver.o
 .debug_macro   0x0000000000002123      0x13f STM32F103C6_Drivers/GPIO/STM32F103C6_GPIO_driver.o
 .debug_macro   0x0000000000002262      0x168 Src/main.o
 .debug_macro   0x00000000000023ca       0x40 Src/main.o
 .debug_macro   0x000000000000240a       0x94 Src/main.o

.debug_line     0x0000000000000000     0x214e
 .debug_line    0x0000000000000000      0x62d HAL/Keypad/keypad.o
 .debug_line    0x000000000000062d      0x6bf HAL/LCD/LCD.o
 .debug_line    0x0000000000000cec      0x743 STM32F103C6_Drivers/EXTI/STM32F103C6_EXTI_driver.o
 .debug_line    0x000000000000142f      0x682 STM32F103C6_Drivers/GPIO/STM32F103C6_GPIO_driver.o
 .debug_line    0x0000000000001ab1      0x619 Src/main.o
 .debug_line    0x00000000000020ca       0x84 Startup/startup_stm32f103c6tx.o

.debug_str      0x0000000000000000     0x94b3
 .debug_str     0x0000000000000000     0x79d2 HAL/Keypad/keypad.o
                                       0x7c33 (size before relaxing)
 .debug_str     0x00000000000079d2      0x313 HAL/LCD/LCD.o
                                       0x7e78 (size before relaxing)
 .debug_str     0x0000000000007ce5     0x15f3 STM32F103C6_Drivers/EXTI/STM32F103C6_EXTI_driver.o
                                       0x915a (size before relaxing)
 .debug_str     0x00000000000092d8      0x165 STM32F103C6_Drivers/GPIO/STM32F103C6_GPIO_driver.o
                                       0x7cbd (size before relaxing)
 .debug_str     0x000000000000943d       0x45 Src/main.o
                                       0x92d3 (size before relaxing)
 .debug_str     0x0000000000009482       0x31 Startup/startup_stm32f103c6tx.o
                                         0x6e (size before relaxing)

.comment        0x0000000000000000       0x7b
 .comment       0x0000000000000000       0x7b HAL/Keypad/keypad.o
                                         0x7c (size before relaxing)
 .comment       0x000000000000007b       0x7c HAL/LCD/LCD.o
 .comment       0x000000000000007b       0x7c STM32F103C6_Drivers/EXTI/STM32F103C6_EXTI_driver.o
 .comment       0x000000000000007b       0x7c STM32F103C6_Drivers/GPIO/STM32F103C6_GPIO_driver.o
 .comment       0x000000000000007b       0x7c Src/main.o

.debug_frame    0x0000000000000000      0x58c
 .debug_frame   0x0000000000000000       0x50 HAL/Keypad/keypad.o
 .debug_frame   0x0000000000000050      0x154 HAL/LCD/LCD.o
 .debug_frame   0x00000000000001a4      0x1b0 STM32F103C6_Drivers/EXTI/STM32F103C6_EXTI_driver.o
 .debug_frame   0x0000000000000354      0x178 STM32F103C6_Drivers/GPIO/STM32F103C6_GPIO_driver.o
 .debug_frame   0x00000000000004cc       0x94 Src/main.o
 .debug_frame   0x0000000000000560       0x2c c:/st/stm32cubeide_1.4.0/stm32cubeide/plugins/com.st.stm32cube.ide.mcu.externaltools.gnu-tools-for-stm32.7-2018-q2-update.win32_1.4.0.202007081208/tools/bin/../lib/gcc/arm-none-eabi/7.3.1/../../../../arm-none-eabi/lib/thumb/v7-m\libc_nano.a(lib_a-init.o)
