STM32F103C6_EXTI_driver.c:35:6:Enable_NVIC	16	static
STM32F103C6_EXTI_driver.c:74:6:Disable_NVIC	16	static
STM32F103C6_EXTI_driver.c:113:6:Update_EXTI	24	static
STM32F103C6_EXTI_driver.c:180:6:MCAL_EXTI_Init	16	static
STM32F103C6_EXTI_driver.c:196:6:MCAL_EXTI_DeInit	4	static
STM32F103C6_EXTI_driver.c:225:6:MCAL_EXTI_Update	16	static
STM32F103C6_EXTI_driver.c:238:6:EXTI0_IRQHandler	8	static
STM32F103C6_EXTI_driver.c:247:6:EXTI1_IRQHandler	8	static
STM32F103C6_EXTI_driver.c:257:6:EXTI2_IRQHandler	8	static
STM32F103C6_EXTI_driver.c:267:6:EXTI3_IRQHandler	8	static
STM32F103C6_EXTI_driver.c:277:6:EXTI4_IRQHandler	8	static
STM32F103C6_EXTI_driver.c:287:6:EXTI9_5_IRQHandler	8	static
STM32F103C6_EXTI_driver.c:297:6:EXTI15_10_IRQHandler	8	static
