14:45:57 **** Build of configuration Debug for project Interrupt_STM32 ****
make -j16 all 
arm-none-eabi-gcc -mcpu=cortex-m3 -g3 -c -x assembler-with-cpp -MMD -MP -MF"Startup/startup_stm32f103c6ux.d" -MT"Startup/startup_stm32f103c6ux.o" --specs=nano.specs -mfloat-abi=soft -mthumb -o "Startup/startup_stm32f103c6ux.o" "../Startup/startup_stm32f103c6ux.s"
arm-none-eabi-gcc "../Src/main.c" -mcpu=cortex-m3 -std=gnu11 -g3 -DSTM32 -DSTM32F103C6Ux -DSTM32F1 -DDEBUG -c -I../Inc -O0 -ffunction-sections -fdata-sections -Wall -fstack-usage -MMD -MP -MF"Src/main.d" -MT"Src/main.o" --specs=nano.specs -mfloat-abi=soft -mthumb -o "Src/main.o"
arm-none-eabi-gcc "../Src/syscalls.c" -mcpu=cortex-m3 -std=gnu11 -g3 -DSTM32 -DSTM32F103C6Ux -DSTM32F1 -DDEBUG -c -I../Inc -O0 -ffunction-sections -fdata-sections -Wall -fstack-usage -MMD -MP -MF"Src/syscalls.d" -MT"Src/syscalls.o" --specs=nano.specs -mfloat-abi=soft -mthumb -o "Src/syscalls.o"
arm-none-eabi-gcc "../Src/sysmem.c" -mcpu=cortex-m3 -std=gnu11 -g3 -DSTM32 -DSTM32F103C6Ux -DSTM32F1 -DDEBUG -c -I../Inc -O0 -ffunction-sections -fdata-sections -Wall -fstack-usage -MMD -MP -MF"Src/sysmem.d" -MT"Src/sysmem.o" --specs=nano.specs -mfloat-abi=soft -mthumb -o "Src/sysmem.o"
arm-none-eabi-gcc -o "Interrupt_STM32.elf" @"objects.list"   -mcpu=cortex-m3 -T"D:\Embedded system diploma\github_repo\Unit_6_MCU fundamentals\Lesson4_Interrupt\Lab2_STM32\Interrupt_STM32\STM32F103C6UX_FLASH.ld" --specs=nosys.specs -Wl,-Map="Interrupt_STM32.map" -Wl,--gc-sections -static --specs=nano.specs -mfloat-abi=soft -mthumb -Wl,--start-group -lc -lm -Wl,--end-group
Finished building target: Interrupt_STM32.elf
 
arm-none-eabi-size   Interrupt_STM32.elf 
arm-none-eabi-objdump -h -S  Interrupt_STM32.elf  > "Interrupt_STM32.list"
arm-none-eabi-objcopy  -O binary  Interrupt_STM32.elf  "Interrupt_STM32.bin"
   text	   data	    bss	    dec	    hex	filename
    760	      8	   1568	   2336	    920	Interrupt_STM32.elf
Finished building: default.size.stdout
 
Finished building: Interrupt_STM32.bin
Finished building: Interrupt_STM32.list
 
 
