16:57:19 **** Build of configuration Debug for project lab1 ****
make -j16 all 
arm-none-eabi-gcc -mcpu=cortex-m3 -g3 -c -x assembler-with-cpp -MMD -MP -MF"Startup/startup_stm32f103c6tx.d" -MT"Startup/startup_stm32f103c6tx.o" --specs=nano.specs -mfloat-abi=soft -mthumb -o "Startup/startup_stm32f103c6tx.o" "../Startup/startup_stm32f103c6tx.s"
arm-none-eabi-gcc "../Src/main.c" -mcpu=cortex-m3 -std=gnu11 -g3 -DSTM32 -DSTM32F1 -DSTM32F103C6Tx -DDEBUG -c -I../Inc -O0 -ffunction-sections -fdata-sections -Wall -fstack-usage -MMD -MP -MF"Src/main.d" -MT"Src/main.o" --specs=nano.specs -mfloat-abi=soft -mthumb -o "Src/main.o"
arm-none-eabi-gcc "../Src/syscalls.c" -mcpu=cortex-m3 -std=gnu11 -g3 -DSTM32 -DSTM32F1 -DSTM32F103C6Tx -DDEBUG -c -I../Inc -O0 -ffunction-sections -fdata-sections -Wall -fstack-usage -MMD -MP -MF"Src/syscalls.d" -MT"Src/syscalls.o" --specs=nano.specs -mfloat-abi=soft -mthumb -o "Src/syscalls.o"
arm-none-eabi-gcc "../Src/sysmem.c" -mcpu=cortex-m3 -std=gnu11 -g3 -DSTM32 -DSTM32F1 -DSTM32F103C6Tx -DDEBUG -c -I../Inc -O0 -ffunction-sections -fdata-sections -Wall -fstack-usage -MMD -MP -MF"Src/sysmem.d" -MT"Src/sysmem.o" --specs=nano.specs -mfloat-abi=soft -mthumb -o "Src/sysmem.o"
arm-none-eabi-gcc -o "lab1.elf" @"objects.list"   -mcpu=cortex-m3 -T"D:\Embedded system diploma\github_repo\Unit_6_MCU fundamentals\Lesson3_the clock's labs\lab1\STM32F103C6TX_FLASH.ld" --specs=nosys.specs -Wl,-Map="lab1.map" -Wl,--gc-sections -static --specs=nano.specs -mfloat-abi=soft -mthumb -Wl,--start-group -lc -lm -Wl,--end-group
Finished building target: lab1.elf
 
arm-none-eabi-size   lab1.elf 
arm-none-eabi-objdump -h -S  lab1.elf  > "lab1.list"
arm-none-eabi-objcopy  -O binary  lab1.elf  "lab1.bin"
   text	   data	    bss	    dec	    hex	filename
    672	      8	   1568	   2248	    8c8	lab1.elf
Finished building: default.size.stdout
 
Finished building: lab1.bin
Finished building: lab1.list
 
 
17:00:56 **** Incremental Build of configuration Debug for project lab1 ****
make -j16 all 
arm-none-eabi-size   lab1.elf 
   text	   data	    bss	    dec	    hex	filename
    672	      8	   1568	   2248	    8c8	lab1.elf
Finished building: default.size.stdout
 
17:00:57 **** Build of configuration Debug for project lab2 ****
make -j16 all 
arm-none-eabi-gcc -mcpu=cortex-m3 -g3 -c -x assembler-with-cpp -MMD -MP -MF"Startup/startup_stm32f103c6tx.d" -MT"Startup/startup_stm32f103c6tx.o" --specs=nano.specs -mfloat-abi=soft -mthumb -o "Startup/startup_stm32f103c6tx.o" "../Startup/startup_stm32f103c6tx.s"
arm-none-eabi-gcc "../Src/main.c" -mcpu=cortex-m3 -std=gnu11 -g3 -DSTM32 -DSTM32F1 -DSTM32F103C6Tx -DDEBUG -c -I../Inc -O0 -ffunction-sections -fdata-sections -Wall -fstack-usage -MMD -MP -MF"Src/main.d" -MT"Src/main.o" --specs=nano.specs -mfloat-abi=soft -mthumb -o "Src/main.o"
arm-none-eabi-gcc "../Src/syscalls.c" -mcpu=cortex-m3 -std=gnu11 -g3 -DSTM32 -DSTM32F1 -DSTM32F103C6Tx -DDEBUG -c -I../Inc -O0 -ffunction-sections -fdata-sections -Wall -fstack-usage -MMD -MP -MF"Src/syscalls.d" -MT"Src/syscalls.o" --specs=nano.specs -mfloat-abi=soft -mthumb -o "Src/syscalls.o"
arm-none-eabi-gcc "../Src/sysmem.c" -mcpu=cortex-m3 -std=gnu11 -g3 -DSTM32 -DSTM32F1 -DSTM32F103C6Tx -DDEBUG -c -I../Inc -O0 -ffunction-sections -fdata-sections -Wall -fstack-usage -MMD -MP -MF"Src/sysmem.d" -MT"Src/sysmem.o" --specs=nano.specs -mfloat-abi=soft -mthumb -o "Src/sysmem.o"
arm-none-eabi-gcc -o "lab2.elf" @"objects.list"   -mcpu=cortex-m3 -T"D:\Embedded system diploma\github_repo\Unit_6_MCU fundamentals\Lesson3_the clock's labs\lab2\STM32F103C6TX_FLASH.ld" --specs=nosys.specs -Wl,-Map="lab2.map" -Wl,--gc-sections -static --specs=nano.specs -mfloat-abi=soft -mthumb -Wl,--start-group -lc -lm -Wl,--end-group
Finished building target: lab2.elf
 
arm-none-eabi-size   lab2.elf 
arm-none-eabi-objdump -h -S  lab2.elf  > "lab2.list"
arm-none-eabi-objcopy  -O binary  lab2.elf  "lab2.bin"
   text	   data	    bss	    dec	    hex	filename
    700	      8	   1568	   2276	    8e4	lab2.elf
Finished building: default.size.stdout
 
Finished building: lab2.bin
Finished building: lab2.list
 
 
17:02:03 **** Incremental Build of configuration Debug for project lab1 ****
make -j16 all 
arm-none-eabi-size   lab1.elf 
   text	   data	    bss	    dec	    hex	filename
    672	      8	   1568	   2248	    8c8	lab1.elf
Finished building: default.size.stdout
 
17:02:03 **** Incremental Build of configuration Debug for project lab2 ****
make -j16 all 
arm-none-eabi-size   lab2.elf 
   text	   data	    bss	    dec	    hex	filename
    700	      8	   1568	   2276	    8e4	lab2.elf
Finished building: default.size.stdout
 
17:02:03 **** Build of configuration Debug for project lab3 ****
make -j16 all 
arm-none-eabi-gcc -mcpu=cortex-m3 -g3 -c -x assembler-with-cpp -MMD -MP -MF"Startup/startup_stm32f103c6tx.d" -MT"Startup/startup_stm32f103c6tx.o" --specs=nano.specs -mfloat-abi=soft -mthumb -o "Startup/startup_stm32f103c6tx.o" "../Startup/startup_stm32f103c6tx.s"
arm-none-eabi-gcc "../Src/main.c" -mcpu=cortex-m3 -std=gnu11 -g3 -DSTM32 -DSTM32F1 -DSTM32F103C6Tx -DDEBUG -c -I../Inc -O0 -ffunction-sections -fdata-sections -Wall -fstack-usage -MMD -MP -MF"Src/main.d" -MT"Src/main.o" --specs=nano.specs -mfloat-abi=soft -mthumb -o "Src/main.o"
arm-none-eabi-gcc "../Src/syscalls.c" -mcpu=cortex-m3 -std=gnu11 -g3 -DSTM32 -DSTM32F1 -DSTM32F103C6Tx -DDEBUG -c -I../Inc -O0 -ffunction-sections -fdata-sections -Wall -fstack-usage -MMD -MP -MF"Src/syscalls.d" -MT"Src/syscalls.o" --specs=nano.specs -mfloat-abi=soft -mthumb -o "Src/syscalls.o"
arm-none-eabi-gcc "../Src/sysmem.c" -mcpu=cortex-m3 -std=gnu11 -g3 -DSTM32 -DSTM32F1 -DSTM32F103C6Tx -DDEBUG -c -I../Inc -O0 -ffunction-sections -fdata-sections -Wall -fstack-usage -MMD -MP -MF"Src/sysmem.d" -MT"Src/sysmem.o" --specs=nano.specs -mfloat-abi=soft -mthumb -o "Src/sysmem.o"
arm-none-eabi-gcc -o "lab3.elf" @"objects.list"   -mcpu=cortex-m3 -T"D:\Embedded system diploma\github_repo\Unit_6_MCU fundamentals\Lesson3_the clock's labs\lab3\STM32F103C6TX_FLASH.ld" --specs=nosys.specs -Wl,-Map="lab3.map" -Wl,--gc-sections -static --specs=nano.specs -mfloat-abi=soft -mthumb -Wl,--start-group -lc -lm -Wl,--end-group
Finished building target: lab3.elf
 
arm-none-eabi-size   lab3.elf 
arm-none-eabi-objdump -h -S  lab3.elf  > "lab3.list"
arm-none-eabi-objcopy  -O binary  lab3.elf  "lab3.bin"
   text	   data	    bss	    dec	    hex	filename
    740	      8	   1568	   2316	    90c	lab3.elf
Finished building: default.size.stdout
 
Finished building: lab3.bin
Finished building: lab3.list
 
 
