
Allocating common symbols
Common symbol       size              file

Alarm_monitor_id    0x1               Alarm_monitor.o
Actuator_id         0x1               Actuator_driver.o
alarm_state         0x4               Alarm_monitor.o
acuator_state       0x4               Actuator_driver.o
mainAlg_id          0x1               main.o
main_state          0x4               main.o
psensor_state       0x4               main.o
psensor_id          0x1               main.o

Memory Configuration

Name             Origin             Length             Attributes
flash            0x08000000         0x00020000         xr
sram             0x20000000         0x00007800         xrw
*default*        0x00000000         0xffffffff

Linker script and memory map


.text           0x08000000      0x4a8
 *(.vectors*)
 .vectors       0x08000000       0x10 startup.o
                0x08000000                g_p_fn_Vectors
 *(.text*)
 .text          0x08000010       0xb8 Actuator_driver.o
                0x08000010                Actuator_init
                0x0800001c                StartAlarm
                0x0800003c                StopAlarm
                0x0800005c                ST_Actuator_waiting
                0x08000078                ST_Actuator_off
                0x080000a0                ST_Actuator_on
 .text          0x080000c8       0x98 Alarm_monitor.o
                0x080000c8                High_Pressure_Detected
                0x080000e0                ST_Alarm_monitor_waiting
                0x080000fc                ST_Alarm_monitor_off
                0x08000128                ST_Alarm_monitor_on
 .text          0x08000160      0x10c driver.o
                0x08000160                Delay
                0x08000184                getPressureVal
                0x0800019c                Set_Alarm_actuator
                0x080001ec                GPIO_INITIALIZATION
 .text          0x0800026c       0x98 main.o
                0x0800026c                setup
                0x080002c8                main
 .text          0x08000304       0x64 MainAlg.o
                0x08000304                pressure_value
                0x08000324                ST_mainAlg_receiving
 .text          0x08000368       0x84 Psensor.o
                0x08000368                psensor_init
                0x08000374                ST_psensor_waiting
                0x080003a4                ST_psensor_reading
 .text          0x080003ec       0xbc startup.o
                0x080003ec                MM_Fault_Handler
                0x080003ec                Bus_Handler
                0x080003ec                Default_Handler
                0x080003ec                H_fault_Handler
                0x080003ec                Usage_Fault_Handler
                0x080003ec                NMI_Handler
                0x080003f8                Reset_Handler
 *(.rodata)
                0x080004a8                _E_text = .

.glue_7         0x080004a8        0x0
 .glue_7        0x00000000        0x0 linker stubs

.glue_7t        0x080004a8        0x0
 .glue_7t       0x00000000        0x0 linker stubs

.vfp11_veneer   0x080004a8        0x0
 .vfp11_veneer  0x00000000        0x0 linker stubs

.v4_bx          0x080004a8        0x0
 .v4_bx         0x00000000        0x0 linker stubs

.iplt           0x080004a8        0x0
 .iplt          0x00000000        0x0 Actuator_driver.o

.rel.dyn        0x080004a8        0x0
 .rel.iplt      0x00000000        0x0 Actuator_driver.o

.data           0x20000000        0x4 load address 0x080004a8
                0x20000000                _S_DATA = .
 *(.data)
 .data          0x20000000        0x0 Actuator_driver.o
 .data          0x20000000        0x0 Alarm_monitor.o
 .data          0x20000000        0x0 driver.o
 .data          0x20000000        0x0 main.o
 .data          0x20000000        0x4 MainAlg.o
 .data          0x20000004        0x0 Psensor.o
 .data          0x20000004        0x0 startup.o
                0x20000004                . = ALIGN (0x4)
                0x20000004                _E_DATA = .

.igot.plt       0x20000004        0x0 load address 0x080004ac
 .igot.plt      0x00000000        0x0 Actuator_driver.o

.bss            0x20000004      0x425 load address 0x080004ac
                0x20000004                _S_bss = .
 *(.bss*)
 .bss           0x20000004        0x0 Actuator_driver.o
 .bss           0x20000004        0x0 Alarm_monitor.o
 .bss           0x20000004        0x0 driver.o
 .bss           0x20000004        0x0 main.o
 .bss           0x20000004        0x4 MainAlg.o
 .bss           0x20000008        0x4 Psensor.o
 .bss           0x2000000c      0x400 startup.o
                0x2000040c                . = ALIGN (0x4)
                0x2000040c                _E_bss = .
 COMMON         0x2000040c        0x8 Actuator_driver.o
                0x2000040c                Actuator_id
                0x20000410                acuator_state
 COMMON         0x20000414        0x8 Alarm_monitor.o
                0x20000414                Alarm_monitor_id
                0x20000418                alarm_state
 COMMON         0x2000041c        0xd main.o
                0x2000041c                mainAlg_id
                0x20000420                main_state
                0x20000424                psensor_state
                0x20000428                psensor_id
LOAD Actuator_driver.o
LOAD Alarm_monitor.o
LOAD driver.o
LOAD main.o
LOAD MainAlg.o
LOAD Psensor.o
LOAD startup.o
OUTPUT(Project1_PressureDection.elf elf32-littlearm)

.debug_info     0x00000000      0x8f1
 .debug_info    0x00000000      0x150 Actuator_driver.o
 .debug_info    0x00000150      0x126 Alarm_monitor.o
 .debug_info    0x00000276      0x103 driver.o
 .debug_info    0x00000379      0x19b main.o
 .debug_info    0x00000514      0x11e MainAlg.o
 .debug_info    0x00000632      0x118 Psensor.o
 .debug_info    0x0000074a      0x1a7 startup.o

.debug_abbrev   0x00000000      0x4a6
 .debug_abbrev  0x00000000       0xac Actuator_driver.o
 .debug_abbrev  0x000000ac       0xac Alarm_monitor.o
 .debug_abbrev  0x00000158       0x9d driver.o
 .debug_abbrev  0x000001f5       0x7c main.o
 .debug_abbrev  0x00000271       0xb6 MainAlg.o
 .debug_abbrev  0x00000327       0xa3 Psensor.o
 .debug_abbrev  0x000003ca       0xdc startup.o

.debug_loc      0x00000000      0x424
 .debug_loc     0x00000000      0x108 Actuator_driver.o
 .debug_loc     0x00000108       0xb0 Alarm_monitor.o
 .debug_loc     0x000001b8       0xc8 driver.o
 .debug_loc     0x00000280       0x58 main.o
 .debug_loc     0x000002d8       0x64 MainAlg.o
 .debug_loc     0x0000033c       0x84 Psensor.o
 .debug_loc     0x000003c0       0x64 startup.o

.debug_aranges  0x00000000       0xe0
 .debug_aranges
                0x00000000       0x20 Actuator_driver.o
 .debug_aranges
                0x00000020       0x20 Alarm_monitor.o
 .debug_aranges
                0x00000040       0x20 driver.o
 .debug_aranges
                0x00000060       0x20 main.o
 .debug_aranges
                0x00000080       0x20 MainAlg.o
 .debug_aranges
                0x000000a0       0x20 Psensor.o
 .debug_aranges
                0x000000c0       0x20 startup.o

.debug_line     0x00000000      0x303
 .debug_line    0x00000000       0x69 Actuator_driver.o
 .debug_line    0x00000069       0x61 Alarm_monitor.o
 .debug_line    0x000000ca       0x99 driver.o
 .debug_line    0x00000163       0x99 main.o
 .debug_line    0x000001fc       0x4d MainAlg.o
 .debug_line    0x00000249       0x51 Psensor.o
 .debug_line    0x0000029a       0x69 startup.o

.debug_str      0x00000000      0x31c
 .debug_str     0x00000000       0xf9 Actuator_driver.o
                                0x15c (size before relaxing)
 .debug_str     0x000000f9       0x86 Alarm_monitor.o
                                0x16f (size before relaxing)
 .debug_str     0x0000017f       0x4c driver.o
                                0x105 (size before relaxing)
 .debug_str     0x000001cb       0x41 main.o
                                0x1bd (size before relaxing)
 .debug_str     0x0000020c       0x48 MainAlg.o
                                0x120 (size before relaxing)
 .debug_str     0x00000254       0x42 Psensor.o
                                0x12b (size before relaxing)
 .debug_str     0x00000296       0x86 startup.o
                                0x131 (size before relaxing)

.comment        0x00000000       0x11
 .comment       0x00000000       0x11 Actuator_driver.o
                                 0x12 (size before relaxing)
 .comment       0x00000000       0x12 Alarm_monitor.o
 .comment       0x00000000       0x12 driver.o
 .comment       0x00000000       0x12 main.o
 .comment       0x00000000       0x12 MainAlg.o
 .comment       0x00000000       0x12 Psensor.o
 .comment       0x00000000       0x12 startup.o

.ARM.attributes
                0x00000000       0x33
 .ARM.attributes
                0x00000000       0x33 Actuator_driver.o
 .ARM.attributes
                0x00000033       0x33 Alarm_monitor.o
 .ARM.attributes
                0x00000066       0x33 driver.o
 .ARM.attributes
                0x00000099       0x33 main.o
 .ARM.attributes
                0x000000cc       0x33 MainAlg.o
 .ARM.attributes
                0x000000ff       0x33 Psensor.o
 .ARM.attributes
                0x00000132       0x33 startup.o

.debug_frame    0x00000000      0x2e8
 .debug_frame   0x00000000       0xb4 Actuator_driver.o
 .debug_frame   0x000000b4       0x7c Alarm_monitor.o
 .debug_frame   0x00000130       0x78 driver.o
 .debug_frame   0x000001a8       0x48 main.o
 .debug_frame   0x000001f0       0x48 MainAlg.o
 .debug_frame   0x00000238       0x64 Psensor.o
 .debug_frame   0x0000029c       0x4c startup.o
